
===========================================================================
report_checks -unconstrained
===========================================================================
======================= Fastest Corner ===================================

Startpoint: wbs_cyc_i (input port clocked by clk)
Endpoint: _692_ (rising edge-triggered flip-flop clocked by clk)
Path Group: clk
Path Type: max
Corner: Fastest

Fanout     Cap    Slew   Delay    Time   Description
-----------------------------------------------------------------------------
                          0.00    0.00   clock clk (rise edge)
                          6.00    6.00   clock network delay (propagated)
                         10.00   16.00 ^ input external delay
     1    0.00    0.44    0.00   16.00 ^ wbs_cyc_i (in)
                                         wbs_cyc_i (net)
                  0.44    0.00   16.00 ^ hold799/A (sky130_fd_sc_hd__dlygate4sd3_1)
     1    0.00    0.04    0.42   16.42 ^ hold799/X (sky130_fd_sc_hd__dlygate4sd3_1)
                                         net1109 (net)
                  0.04    0.00   16.42 ^ input66/A (sky130_fd_sc_hd__buf_4)
    10    0.10    0.20    0.19   16.61 ^ input66/X (sky130_fd_sc_hd__buf_4)
                                         net66 (net)
                  0.21    0.02   16.63 ^ hold800/A (sky130_fd_sc_hd__dlygate4sd3_1)
     2    0.06    0.42    0.70   17.33 ^ hold800/X (sky130_fd_sc_hd__dlygate4sd3_1)
                                         net1110 (net)
                  0.42    0.01   17.34 ^ _348_/B (sky130_fd_sc_hd__nand2_1)
     1    0.00    0.07    0.03   17.37 v _348_/Y (sky130_fd_sc_hd__nand2_1)
                                         _089_ (net)
                  0.07    0.00   17.37 v hold1004/A (sky130_fd_sc_hd__dlygate4sd3_1)
     1    0.00    0.04    0.40   17.76 v hold1004/X (sky130_fd_sc_hd__dlygate4sd3_1)
                                         net1314 (net)
                  0.04    0.00   17.76 v hold150/A (sky130_fd_sc_hd__dlygate4sd3_1)
     1    0.00    0.04    0.39   18.15 v hold150/X (sky130_fd_sc_hd__dlygate4sd3_1)
                                         net460 (net)
                  0.04    0.00   18.15 v fanout260/A (sky130_fd_sc_hd__buf_4)
     2    0.02    0.04    0.11   18.27 v fanout260/X (sky130_fd_sc_hd__buf_4)
                                         net260 (net)
                  0.04    0.00   18.27 v hold151/A (sky130_fd_sc_hd__buf_4)
    14    0.08    0.07    0.15   18.42 v hold151/X (sky130_fd_sc_hd__buf_4)
                                         net461 (net)
                  0.07    0.00   18.42 v fanout258/A (sky130_fd_sc_hd__buf_4)
     2    0.02    0.03    0.12   18.54 v fanout258/X (sky130_fd_sc_hd__buf_4)
                                         net258 (net)
                  0.03    0.00   18.55 v hold152/A (sky130_fd_sc_hd__buf_4)
    20    0.08    0.08    0.15   18.70 v hold152/X (sky130_fd_sc_hd__buf_4)
                                         net462 (net)
                  0.08    0.01   18.70 v _349_/B (sky130_fd_sc_hd__nor2_4)
     2    0.02    0.12    0.13   18.83 ^ _349_/Y (sky130_fd_sc_hd__nor2_4)
                                         _090_ (net)
                  0.12    0.00   18.83 ^ hold153/A (sky130_fd_sc_hd__dlygate4sd3_1)
     6    0.05    0.39    0.67   19.50 ^ hold153/X (sky130_fd_sc_hd__dlygate4sd3_1)
                                         net463 (net)
                  0.39    0.00   19.50 ^ fanout214/A (sky130_fd_sc_hd__clkbuf_4)
     1    0.01    0.04    0.14   19.65 ^ fanout214/X (sky130_fd_sc_hd__clkbuf_4)
                                         net214 (net)
                  0.04    0.00   19.65 ^ hold154/A (sky130_fd_sc_hd__clkbuf_4)
    20    0.07    0.15    0.18   19.83 ^ hold154/X (sky130_fd_sc_hd__clkbuf_4)
                                         net464 (net)
                  0.15    0.00   19.83 ^ _351_/B (sky130_fd_sc_hd__nand2_2)
     1    0.00    0.04    0.03   19.86 v _351_/Y (sky130_fd_sc_hd__nand2_2)
                                         _092_ (net)
                  0.04    0.00   19.86 v hold155/A (sky130_fd_sc_hd__dlygate4sd3_1)
     1    0.00    0.04    0.38   20.24 v hold155/X (sky130_fd_sc_hd__dlygate4sd3_1)
                                         net465 (net)
                  0.04    0.00   20.24 v hold145/A (sky130_fd_sc_hd__dlygate4sd3_1)
     1    0.00    0.04    0.38   20.61 v hold145/X (sky130_fd_sc_hd__dlygate4sd3_1)
                                         net455 (net)
                  0.04    0.00   20.61 v hold156/A (sky130_fd_sc_hd__dlymetal6s4s_1)
     8    0.04    0.15    0.27   20.89 v hold156/X (sky130_fd_sc_hd__dlymetal6s4s_1)
                                         net466 (net)
                  0.15    0.00   20.89 v fanout210/A (sky130_fd_sc_hd__buf_2)
    10    0.04    0.08    0.18   21.07 v fanout210/X (sky130_fd_sc_hd__buf_2)
                                         net210 (net)
                  0.08    0.00   21.07 v _352_/A (sky130_fd_sc_hd__inv_2)
     6    0.04    0.12    0.13   21.20 ^ _352_/Y (sky130_fd_sc_hd__inv_2)
                                         _030_ (net)
                  0.12    0.00   21.20 ^ fanout195/A (sky130_fd_sc_hd__clkbuf_4)
    20    0.08    0.18    0.23   21.43 ^ fanout195/X (sky130_fd_sc_hd__clkbuf_4)
                                         net195 (net)
                  0.18    0.00   21.43 ^ _588_/B1 (sky130_fd_sc_hd__o21a_1)
     1    0.00    0.03    0.07   21.50 ^ _588_/X (sky130_fd_sc_hd__o21a_1)
                                         _275_ (net)
                  0.03    0.00   21.50 ^ hold96/A (sky130_fd_sc_hd__dlygate4sd3_1)
     1    0.00    0.04    0.39   21.89 ^ hold96/X (sky130_fd_sc_hd__dlygate4sd3_1)
                                         net406 (net)
                  0.04    0.00   21.89 ^ _589_/B2 (sky130_fd_sc_hd__a32o_1)
     1    0.00    0.04    0.07   21.96 ^ _589_/X (sky130_fd_sc_hd__a32o_1)
                                         _054_ (net)
                  0.04    0.00   21.96 ^ hold673/A (sky130_fd_sc_hd__dlygate4sd3_1)
     1    0.00    0.03    0.39   22.35 ^ hold673/X (sky130_fd_sc_hd__dlygate4sd3_1)
                                         net983 (net)
                  0.03    0.00   22.35 ^ hold384/A (sky130_fd_sc_hd__dlygate4sd3_1)
     1    0.00    0.04    0.39   22.74 ^ hold384/X (sky130_fd_sc_hd__dlygate4sd3_1)
                                         net694 (net)
                  0.04    0.00   22.74 ^ hold97/A (sky130_fd_sc_hd__dlygate4sd3_1)
     1    0.00    0.03    0.39   23.12 ^ hold97/X (sky130_fd_sc_hd__dlygate4sd3_1)
                                         net407 (net)
                  0.03    0.00   23.12 ^ _692_/D (sky130_fd_sc_hd__dfxtp_4)
                                 23.12   data arrival time

                         30.00   30.00   clock clk (rise edge)
                          4.50   34.50   clock source latency
     2    0.01    0.60    0.00   34.50 ^ wb_clk_i (in)
                                         wb_clk_i (net)
                  0.60    0.00   34.50 ^ _343_/A1 (sky130_fd_sc_hd__mux2_1)
     2    0.07    0.44    0.38   34.88 ^ _343_/X (sky130_fd_sc_hd__mux2_1)
                                         count.clk (net)
                  0.44    0.00   34.88 ^ clkbuf_0_count.clk/A (sky130_fd_sc_hd__clkbuf_16)
    16    0.12    0.11    0.18   35.06 ^ clkbuf_0_count.clk/X (sky130_fd_sc_hd__clkbuf_16)
                                         clknet_0_count.clk (net)
                  0.11    0.00   35.06 ^ clkbuf_3_7_0_count.clk/A (sky130_fd_sc_hd__clkbuf_8)
     8    0.03    0.05    0.11   35.18 ^ clkbuf_3_7_0_count.clk/X (sky130_fd_sc_hd__clkbuf_8)
                                         clknet_3_7_0_count.clk (net)
                  0.05    0.00   35.18 ^ _692_/CLK (sky130_fd_sc_hd__dfxtp_4)
                         -0.25   34.93   clock uncertainty
                          0.00   34.93   clock reconvergence pessimism
                         -0.03   34.90   library setup time
                                 34.90   data required time
-----------------------------------------------------------------------------
                                 34.90   data required time
                                -23.12   data arrival time
-----------------------------------------------------------------------------
                                 11.78   slack (MET)



======================= Slowest Corner ===================================

Startpoint: wbs_cyc_i (input port clocked by clk)
Endpoint: _683_ (rising edge-triggered flip-flop clocked by clk)
Path Group: clk
Path Type: max
Corner: Slowest

Fanout     Cap    Slew   Delay    Time   Description
-----------------------------------------------------------------------------
                          0.00    0.00   clock clk (rise edge)
                          6.00    6.00   clock network delay (propagated)
                         10.00   16.00 ^ input external delay
     1    0.00    0.44    0.00   16.00 ^ wbs_cyc_i (in)
                                         wbs_cyc_i (net)
                  0.44    0.00   16.00 ^ hold799/A (sky130_fd_sc_hd__dlygate4sd3_1)
     1    0.00    0.10    1.23   17.23 ^ hold799/X (sky130_fd_sc_hd__dlygate4sd3_1)
                                         net1109 (net)
                  0.10    0.00   17.23 ^ input66/A (sky130_fd_sc_hd__buf_4)
    10    0.10    0.43    0.50   17.73 ^ input66/X (sky130_fd_sc_hd__buf_4)
                                         net66 (net)
                  0.44    0.02   17.75 ^ hold800/A (sky130_fd_sc_hd__dlygate4sd3_1)
     2    0.06    0.86    1.84   19.59 ^ hold800/X (sky130_fd_sc_hd__dlygate4sd3_1)
                                         net1110 (net)
                  0.86    0.01   19.60 ^ _348_/B (sky130_fd_sc_hd__nand2_1)
     1    0.00    0.18    0.32   19.93 v _348_/Y (sky130_fd_sc_hd__nand2_1)
                                         _089_ (net)
                  0.18    0.00   19.93 v hold1004/A (sky130_fd_sc_hd__dlygate4sd3_1)
     1    0.00    0.11    1.24   21.17 v hold1004/X (sky130_fd_sc_hd__dlygate4sd3_1)
                                         net1314 (net)
                  0.11    0.00   21.17 v hold150/A (sky130_fd_sc_hd__dlygate4sd3_1)
     1    0.00    0.12    1.22   22.39 v hold150/X (sky130_fd_sc_hd__dlygate4sd3_1)
                                         net460 (net)
                  0.12    0.00   22.39 v fanout260/A (sky130_fd_sc_hd__buf_4)
     2    0.02    0.08    0.33   22.71 v fanout260/X (sky130_fd_sc_hd__buf_4)
                                         net260 (net)
                  0.08    0.00   22.72 v hold151/A (sky130_fd_sc_hd__buf_4)
    14    0.08    0.19    0.40   23.12 v hold151/X (sky130_fd_sc_hd__buf_4)
                                         net461 (net)
                  0.19    0.00   23.12 v fanout258/A (sky130_fd_sc_hd__buf_4)
     2    0.02    0.08    0.35   23.48 v fanout258/X (sky130_fd_sc_hd__buf_4)
                                         net258 (net)
                  0.08    0.00   23.48 v hold152/A (sky130_fd_sc_hd__buf_4)
    20    0.08    0.20    0.41   23.89 v hold152/X (sky130_fd_sc_hd__buf_4)
                                         net462 (net)
                  0.20    0.01   23.90 v _349_/B (sky130_fd_sc_hd__nor2_4)
     2    0.02    0.26    0.32   24.21 ^ _349_/Y (sky130_fd_sc_hd__nor2_4)
                                         _090_ (net)
                  0.26    0.00   24.22 ^ hold153/A (sky130_fd_sc_hd__dlygate4sd3_1)
     6    0.05    0.79    1.73   25.95 ^ hold153/X (sky130_fd_sc_hd__dlygate4sd3_1)
                                         net463 (net)
                  0.79    0.00   25.95 ^ fanout214/A (sky130_fd_sc_hd__clkbuf_4)
     1    0.01    0.08    0.55   26.50 ^ fanout214/X (sky130_fd_sc_hd__clkbuf_4)
                                         net214 (net)
                  0.08    0.00   26.50 ^ hold154/A (sky130_fd_sc_hd__clkbuf_4)
    20    0.07    0.33    0.46   26.96 ^ hold154/X (sky130_fd_sc_hd__clkbuf_4)
                                         net464 (net)
                  0.33    0.00   26.96 ^ _351_/B (sky130_fd_sc_hd__nand2_2)
     1    0.00    0.11    0.17   27.13 v _351_/Y (sky130_fd_sc_hd__nand2_2)
                                         _092_ (net)
                  0.11    0.00   27.13 v hold155/A (sky130_fd_sc_hd__dlygate4sd3_1)
     1    0.00    0.10    1.18   28.31 v hold155/X (sky130_fd_sc_hd__dlygate4sd3_1)
                                         net465 (net)
                  0.10    0.00   28.31 v hold145/A (sky130_fd_sc_hd__dlygate4sd3_1)
     1    0.00    0.10    1.18   29.49 v hold145/X (sky130_fd_sc_hd__dlygate4sd3_1)
                                         net455 (net)
                  0.10    0.00   29.49 v hold156/A (sky130_fd_sc_hd__dlymetal6s4s_1)
     8    0.04    0.41    0.86   30.35 v hold156/X (sky130_fd_sc_hd__dlymetal6s4s_1)
                                         net466 (net)
                  0.41    0.00   30.35 v fanout210/A (sky130_fd_sc_hd__buf_2)
    10    0.04    0.20    0.56   30.92 v fanout210/X (sky130_fd_sc_hd__buf_2)
                                         net210 (net)
                  0.20    0.00   30.92 v _352_/A (sky130_fd_sc_hd__inv_2)
     6    0.04    0.26    0.31   31.22 ^ _352_/Y (sky130_fd_sc_hd__inv_2)
                                         _030_ (net)
                  0.26    0.00   31.22 ^ fanout195/A (sky130_fd_sc_hd__clkbuf_4)
    20    0.08    0.38    0.59   31.82 ^ fanout195/X (sky130_fd_sc_hd__clkbuf_4)
                                         net195 (net)
                  0.38    0.00   31.82 ^ _511_/B1 (sky130_fd_sc_hd__o21ai_1)
     1    0.00    0.13    0.25   32.07 v _511_/Y (sky130_fd_sc_hd__o21ai_1)
                                         _207_ (net)
                  0.13    0.00   32.07 v hold708/A (sky130_fd_sc_hd__dlygate4sd3_1)
     1    0.00    0.10    1.20   33.26 v hold708/X (sky130_fd_sc_hd__dlygate4sd3_1)
                                         net1018 (net)
                  0.10    0.00   33.26 v hold27/A (sky130_fd_sc_hd__dlygate4sd3_1)
     1    0.00    0.11    1.19   34.46 v hold27/X (sky130_fd_sc_hd__dlygate4sd3_1)
                                         net337 (net)
                  0.11    0.00   34.46 v _512_/B1 (sky130_fd_sc_hd__a21oi_1)
     1    0.00    0.16    0.20   34.66 ^ _512_/Y (sky130_fd_sc_hd__a21oi_1)
                                         _208_ (net)
                  0.16    0.00   34.66 ^ hold28/A (sky130_fd_sc_hd__dlygate4sd3_1)
     1    0.00    0.11    1.15   35.81 ^ hold28/X (sky130_fd_sc_hd__dlygate4sd3_1)
                                         net338 (net)
                  0.11    0.00   35.81 ^ _513_/B1 (sky130_fd_sc_hd__a31o_1)
     1    0.00    0.08    0.18   35.99 ^ _513_/X (sky130_fd_sc_hd__a31o_1)
                                         _045_ (net)
                  0.08    0.00   35.99 ^ hold29/A (sky130_fd_sc_hd__dlygate4sd3_1)
     1    0.00    0.08    1.08   37.07 ^ hold29/X (sky130_fd_sc_hd__dlygate4sd3_1)
                                         net339 (net)
                  0.08    0.00   37.07 ^ _683_/D (sky130_fd_sc_hd__dfxtp_4)
                                 37.07   data arrival time

                         30.00   30.00   clock clk (rise edge)
                          4.50   34.50   clock source latency
     2    0.01    0.60    0.00   34.50 ^ wb_clk_i (in)
                                         wb_clk_i (net)
                  0.60    0.00   34.50 ^ _343_/A1 (sky130_fd_sc_hd__mux2_1)
     2    0.07    0.93    1.02   35.52 ^ _343_/X (sky130_fd_sc_hd__mux2_1)
                                         count.clk (net)
                  0.93    0.00   35.52 ^ clkbuf_0_count.clk/A (sky130_fd_sc_hd__clkbuf_16)
    16    0.12    0.21    0.62   36.15 ^ clkbuf_0_count.clk/X (sky130_fd_sc_hd__clkbuf_16)
                                         clknet_0_count.clk (net)
                  0.21    0.00   36.15 ^ clkbuf_3_6_0_count.clk/A (sky130_fd_sc_hd__clkbuf_8)
    22    0.06    0.19    0.37   36.51 ^ clkbuf_3_6_0_count.clk/X (sky130_fd_sc_hd__clkbuf_8)
                                         clknet_3_6_0_count.clk (net)
                  0.19    0.01   36.52 ^ _683_/CLK (sky130_fd_sc_hd__dfxtp_4)
                         -0.25   36.27   clock uncertainty
                          0.00   36.27   clock reconvergence pessimism
                         -0.12   36.15   library setup time
                                 36.15   data required time
-----------------------------------------------------------------------------
                                 36.15   data required time
                                -37.07   data arrival time
-----------------------------------------------------------------------------
                                 -0.92   slack (VIOLATED)



======================= Typical Corner ===================================

Startpoint: wbs_cyc_i (input port clocked by clk)
Endpoint: _679_ (rising edge-triggered flip-flop clocked by clk)
Path Group: clk
Path Type: max
Corner: Typical

Fanout     Cap    Slew   Delay    Time   Description
-----------------------------------------------------------------------------
                          0.00    0.00   clock clk (rise edge)
                          6.00    6.00   clock network delay (propagated)
                         10.00   16.00 ^ input external delay
     1    0.00    0.44    0.00   16.00 ^ wbs_cyc_i (in)
                                         wbs_cyc_i (net)
                  0.44    0.00   16.00 ^ hold799/A (sky130_fd_sc_hd__dlygate4sd3_1)
     1    0.00    0.06    0.64   16.64 ^ hold799/X (sky130_fd_sc_hd__dlygate4sd3_1)
                                         net1109 (net)
                  0.06    0.00   16.64 ^ input66/A (sky130_fd_sc_hd__buf_4)
    10    0.10    0.27    0.28   16.92 ^ input66/X (sky130_fd_sc_hd__buf_4)
                                         net66 (net)
                  0.28    0.02   16.94 ^ hold800/A (sky130_fd_sc_hd__dlygate4sd3_1)
     2    0.06    0.56    1.00   17.94 ^ hold800/X (sky130_fd_sc_hd__dlygate4sd3_1)
                                         net1110 (net)
                  0.56    0.01   17.96 ^ _348_/B (sky130_fd_sc_hd__nand2_1)
     1    0.00    0.10    0.11   18.07 v _348_/Y (sky130_fd_sc_hd__nand2_1)
                                         _089_ (net)
                  0.10    0.00   18.07 v hold1004/A (sky130_fd_sc_hd__dlygate4sd3_1)
     1    0.00    0.05    0.60   18.67 v hold1004/X (sky130_fd_sc_hd__dlygate4sd3_1)
                                         net1314 (net)
                  0.05    0.00   18.67 v hold150/A (sky130_fd_sc_hd__dlygate4sd3_1)
     1    0.00    0.06    0.59   19.26 v hold150/X (sky130_fd_sc_hd__dlygate4sd3_1)
                                         net460 (net)
                  0.06    0.00   19.26 v fanout260/A (sky130_fd_sc_hd__buf_4)
     2    0.02    0.05    0.17   19.43 v fanout260/X (sky130_fd_sc_hd__buf_4)
                                         net260 (net)
                  0.05    0.00   19.43 v hold151/A (sky130_fd_sc_hd__buf_4)
    14    0.08    0.10    0.22   19.65 v hold151/X (sky130_fd_sc_hd__buf_4)
                                         net461 (net)
                  0.10    0.00   19.66 v fanout258/A (sky130_fd_sc_hd__buf_4)
     2    0.02    0.04    0.19   19.85 v fanout258/X (sky130_fd_sc_hd__buf_4)
                                         net258 (net)
                  0.04    0.00   19.85 v hold152/A (sky130_fd_sc_hd__buf_4)
    20    0.08    0.11    0.22   20.07 v hold152/X (sky130_fd_sc_hd__buf_4)
                                         net462 (net)
                  0.11    0.01   20.08 v _349_/B (sky130_fd_sc_hd__nor2_4)
     2    0.02    0.16    0.18   20.26 ^ _349_/Y (sky130_fd_sc_hd__nor2_4)
                                         _090_ (net)
                  0.16    0.00   20.26 ^ hold153/A (sky130_fd_sc_hd__dlygate4sd3_1)
     6    0.05    0.51    0.95   21.21 ^ hold153/X (sky130_fd_sc_hd__dlygate4sd3_1)
                                         net463 (net)
                  0.51    0.00   21.21 ^ fanout214/A (sky130_fd_sc_hd__clkbuf_4)
     1    0.01    0.05    0.26   21.47 ^ fanout214/X (sky130_fd_sc_hd__clkbuf_4)
                                         net214 (net)
                  0.05    0.00   21.47 ^ hold154/A (sky130_fd_sc_hd__clkbuf_4)
    20    0.07    0.20    0.26   21.73 ^ hold154/X (sky130_fd_sc_hd__clkbuf_4)
                                         net464 (net)
                  0.20    0.00   21.74 ^ _351_/B (sky130_fd_sc_hd__nand2_2)
     1    0.00    0.06    0.07   21.80 v _351_/Y (sky130_fd_sc_hd__nand2_2)
                                         _092_ (net)
                  0.06    0.00   21.80 v hold155/A (sky130_fd_sc_hd__dlygate4sd3_1)
     1    0.00    0.05    0.58   22.38 v hold155/X (sky130_fd_sc_hd__dlygate4sd3_1)
                                         net465 (net)
                  0.05    0.00   22.38 v hold145/A (sky130_fd_sc_hd__dlygate4sd3_1)
     1    0.00    0.05    0.57   22.95 v hold145/X (sky130_fd_sc_hd__dlygate4sd3_1)
                                         net455 (net)
                  0.05    0.00   22.95 v hold156/A (sky130_fd_sc_hd__dlymetal6s4s_1)
     8    0.04    0.21    0.42   23.36 v hold156/X (sky130_fd_sc_hd__dlymetal6s4s_1)
                                         net466 (net)
                  0.21    0.00   23.36 v fanout210/A (sky130_fd_sc_hd__buf_2)
    10    0.04    0.11    0.28   23.65 v fanout210/X (sky130_fd_sc_hd__buf_2)
                                         net210 (net)
                  0.11    0.00   23.65 v _352_/A (sky130_fd_sc_hd__inv_2)
     6    0.04    0.16    0.18   23.83 ^ _352_/Y (sky130_fd_sc_hd__inv_2)
                                         _030_ (net)
                  0.16    0.00   23.83 ^ fanout195/A (sky130_fd_sc_hd__clkbuf_4)
    20    0.08    0.24    0.33   24.16 ^ fanout195/X (sky130_fd_sc_hd__clkbuf_4)
                                         net195 (net)
                  0.24    0.00   24.16 ^ _480_/B1 (sky130_fd_sc_hd__o21ai_1)
     1    0.00    0.07    0.11   24.27 v _480_/Y (sky130_fd_sc_hd__o21ai_1)
                                         _180_ (net)
                  0.07    0.00   24.27 v hold56/A (sky130_fd_sc_hd__dlygate4sd3_1)
     1    0.00    0.05    0.59   24.85 v hold56/X (sky130_fd_sc_hd__dlygate4sd3_1)
                                         net366 (net)
                  0.05    0.00   24.85 v _481_/B1 (sky130_fd_sc_hd__a21oi_1)
     1    0.00    0.11    0.12   24.97 ^ _481_/Y (sky130_fd_sc_hd__a21oi_1)
                                         _181_ (net)
                  0.11    0.00   24.97 ^ hold718/A (sky130_fd_sc_hd__dlygate4sd3_1)
     1    0.00    0.06    0.59   25.56 ^ hold718/X (sky130_fd_sc_hd__dlygate4sd3_1)
                                         net1028 (net)
                  0.06    0.00   25.56 ^ hold57/A (sky130_fd_sc_hd__dlygate4sd3_1)
     1    0.00    0.06    0.57   26.13 ^ hold57/X (sky130_fd_sc_hd__dlygate4sd3_1)
                                         net367 (net)
                  0.06    0.00   26.13 ^ _482_/B1 (sky130_fd_sc_hd__a31o_1)
     1    0.00    0.04    0.09   26.22 ^ _482_/X (sky130_fd_sc_hd__a31o_1)
                                         _041_ (net)
                  0.04    0.00   26.22 ^ hold58/A (sky130_fd_sc_hd__dlygate4sd3_1)
     1    0.00    0.05    0.55   26.78 ^ hold58/X (sky130_fd_sc_hd__dlygate4sd3_1)
                                         net368 (net)
                  0.05    0.00   26.78 ^ _679_/D (sky130_fd_sc_hd__dfxtp_4)
                                 26.78   data arrival time

                         30.00   30.00   clock clk (rise edge)
                          4.50   34.50   clock source latency
     2    0.01    0.60    0.00   34.50 ^ wb_clk_i (in)
                                         wb_clk_i (net)
                  0.60    0.00   34.50 ^ _343_/A1 (sky130_fd_sc_hd__mux2_1)
     2    0.07    0.59    0.59   35.09 ^ _343_/X (sky130_fd_sc_hd__mux2_1)
                                         count.clk (net)
                  0.59    0.00   35.10 ^ clkbuf_0_count.clk/A (sky130_fd_sc_hd__clkbuf_16)
    16    0.12    0.14    0.32   35.41 ^ clkbuf_0_count.clk/X (sky130_fd_sc_hd__clkbuf_16)
                                         clknet_0_count.clk (net)
                  0.14    0.00   35.41 ^ clkbuf_3_2_0_count.clk/A (sky130_fd_sc_hd__clkbuf_8)
    14    0.05    0.10    0.19   35.60 ^ clkbuf_3_2_0_count.clk/X (sky130_fd_sc_hd__clkbuf_8)
                                         clknet_3_2_0_count.clk (net)
                  0.10    0.00   35.61 ^ _679_/CLK (sky130_fd_sc_hd__dfxtp_4)
                         -0.25   35.36   clock uncertainty
                          0.00   35.36   clock reconvergence pessimism
                         -0.05   35.30   library setup time
                                 35.30   data required time
-----------------------------------------------------------------------------
                                 35.30   data required time
                                -26.78   data arrival time
-----------------------------------------------------------------------------
                                  8.53   slack (MET)




===========================================================================
report_checks --slack_max -0.01
============================================================================
======================= Fastest Corner ===================================

No paths found.

======================= Slowest Corner ===================================

Startpoint: wbs_cyc_i (input port clocked by clk)
Endpoint: _683_ (rising edge-triggered flip-flop clocked by clk)
Path Group: clk
Path Type: max
Corner: Slowest

Fanout     Cap    Slew   Delay    Time   Description
-----------------------------------------------------------------------------
                          0.00    0.00   clock clk (rise edge)
                          6.00    6.00   clock network delay (propagated)
                         10.00   16.00 ^ input external delay
     1    0.00    0.44    0.00   16.00 ^ wbs_cyc_i (in)
                                         wbs_cyc_i (net)
                  0.44    0.00   16.00 ^ hold799/A (sky130_fd_sc_hd__dlygate4sd3_1)
     1    0.00    0.10    1.23   17.23 ^ hold799/X (sky130_fd_sc_hd__dlygate4sd3_1)
                                         net1109 (net)
                  0.10    0.00   17.23 ^ input66/A (sky130_fd_sc_hd__buf_4)
    10    0.10    0.43    0.50   17.73 ^ input66/X (sky130_fd_sc_hd__buf_4)
                                         net66 (net)
                  0.44    0.02   17.75 ^ hold800/A (sky130_fd_sc_hd__dlygate4sd3_1)
     2    0.06    0.86    1.84   19.59 ^ hold800/X (sky130_fd_sc_hd__dlygate4sd3_1)
                                         net1110 (net)
                  0.86    0.01   19.60 ^ _348_/B (sky130_fd_sc_hd__nand2_1)
     1    0.00    0.18    0.32   19.93 v _348_/Y (sky130_fd_sc_hd__nand2_1)
                                         _089_ (net)
                  0.18    0.00   19.93 v hold1004/A (sky130_fd_sc_hd__dlygate4sd3_1)
     1    0.00    0.11    1.24   21.17 v hold1004/X (sky130_fd_sc_hd__dlygate4sd3_1)
                                         net1314 (net)
                  0.11    0.00   21.17 v hold150/A (sky130_fd_sc_hd__dlygate4sd3_1)
     1    0.00    0.12    1.22   22.39 v hold150/X (sky130_fd_sc_hd__dlygate4sd3_1)
                                         net460 (net)
                  0.12    0.00   22.39 v fanout260/A (sky130_fd_sc_hd__buf_4)
     2    0.02    0.08    0.33   22.71 v fanout260/X (sky130_fd_sc_hd__buf_4)
                                         net260 (net)
                  0.08    0.00   22.72 v hold151/A (sky130_fd_sc_hd__buf_4)
    14    0.08    0.19    0.40   23.12 v hold151/X (sky130_fd_sc_hd__buf_4)
                                         net461 (net)
                  0.19    0.00   23.12 v fanout258/A (sky130_fd_sc_hd__buf_4)
     2    0.02    0.08    0.35   23.48 v fanout258/X (sky130_fd_sc_hd__buf_4)
                                         net258 (net)
                  0.08    0.00   23.48 v hold152/A (sky130_fd_sc_hd__buf_4)
    20    0.08    0.20    0.41   23.89 v hold152/X (sky130_fd_sc_hd__buf_4)
                                         net462 (net)
                  0.20    0.01   23.90 v _349_/B (sky130_fd_sc_hd__nor2_4)
     2    0.02    0.26    0.32   24.21 ^ _349_/Y (sky130_fd_sc_hd__nor2_4)
                                         _090_ (net)
                  0.26    0.00   24.22 ^ hold153/A (sky130_fd_sc_hd__dlygate4sd3_1)
     6    0.05    0.79    1.73   25.95 ^ hold153/X (sky130_fd_sc_hd__dlygate4sd3_1)
                                         net463 (net)
                  0.79    0.00   25.95 ^ fanout214/A (sky130_fd_sc_hd__clkbuf_4)
     1    0.01    0.08    0.55   26.50 ^ fanout214/X (sky130_fd_sc_hd__clkbuf_4)
                                         net214 (net)
                  0.08    0.00   26.50 ^ hold154/A (sky130_fd_sc_hd__clkbuf_4)
    20    0.07    0.33    0.46   26.96 ^ hold154/X (sky130_fd_sc_hd__clkbuf_4)
                                         net464 (net)
                  0.33    0.00   26.96 ^ _351_/B (sky130_fd_sc_hd__nand2_2)
     1    0.00    0.11    0.17   27.13 v _351_/Y (sky130_fd_sc_hd__nand2_2)
                                         _092_ (net)
                  0.11    0.00   27.13 v hold155/A (sky130_fd_sc_hd__dlygate4sd3_1)
     1    0.00    0.10    1.18   28.31 v hold155/X (sky130_fd_sc_hd__dlygate4sd3_1)
                                         net465 (net)
                  0.10    0.00   28.31 v hold145/A (sky130_fd_sc_hd__dlygate4sd3_1)
     1    0.00    0.10    1.18   29.49 v hold145/X (sky130_fd_sc_hd__dlygate4sd3_1)
                                         net455 (net)
                  0.10    0.00   29.49 v hold156/A (sky130_fd_sc_hd__dlymetal6s4s_1)
     8    0.04    0.41    0.86   30.35 v hold156/X (sky130_fd_sc_hd__dlymetal6s4s_1)
                                         net466 (net)
                  0.41    0.00   30.35 v fanout210/A (sky130_fd_sc_hd__buf_2)
    10    0.04    0.20    0.56   30.92 v fanout210/X (sky130_fd_sc_hd__buf_2)
                                         net210 (net)
                  0.20    0.00   30.92 v _352_/A (sky130_fd_sc_hd__inv_2)
     6    0.04    0.26    0.31   31.22 ^ _352_/Y (sky130_fd_sc_hd__inv_2)
                                         _030_ (net)
                  0.26    0.00   31.22 ^ fanout195/A (sky130_fd_sc_hd__clkbuf_4)
    20    0.08    0.38    0.59   31.82 ^ fanout195/X (sky130_fd_sc_hd__clkbuf_4)
                                         net195 (net)
                  0.38    0.00   31.82 ^ _511_/B1 (sky130_fd_sc_hd__o21ai_1)
     1    0.00    0.13    0.25   32.07 v _511_/Y (sky130_fd_sc_hd__o21ai_1)
                                         _207_ (net)
                  0.13    0.00   32.07 v hold708/A (sky130_fd_sc_hd__dlygate4sd3_1)
     1    0.00    0.10    1.20   33.26 v hold708/X (sky130_fd_sc_hd__dlygate4sd3_1)
                                         net1018 (net)
                  0.10    0.00   33.26 v hold27/A (sky130_fd_sc_hd__dlygate4sd3_1)
     1    0.00    0.11    1.19   34.46 v hold27/X (sky130_fd_sc_hd__dlygate4sd3_1)
                                         net337 (net)
                  0.11    0.00   34.46 v _512_/B1 (sky130_fd_sc_hd__a21oi_1)
     1    0.00    0.16    0.20   34.66 ^ _512_/Y (sky130_fd_sc_hd__a21oi_1)
                                         _208_ (net)
                  0.16    0.00   34.66 ^ hold28/A (sky130_fd_sc_hd__dlygate4sd3_1)
     1    0.00    0.11    1.15   35.81 ^ hold28/X (sky130_fd_sc_hd__dlygate4sd3_1)
                                         net338 (net)
                  0.11    0.00   35.81 ^ _513_/B1 (sky130_fd_sc_hd__a31o_1)
     1    0.00    0.08    0.18   35.99 ^ _513_/X (sky130_fd_sc_hd__a31o_1)
                                         _045_ (net)
                  0.08    0.00   35.99 ^ hold29/A (sky130_fd_sc_hd__dlygate4sd3_1)
     1    0.00    0.08    1.08   37.07 ^ hold29/X (sky130_fd_sc_hd__dlygate4sd3_1)
                                         net339 (net)
                  0.08    0.00   37.07 ^ _683_/D (sky130_fd_sc_hd__dfxtp_4)
                                 37.07   data arrival time

                         30.00   30.00   clock clk (rise edge)
                          4.50   34.50   clock source latency
     2    0.01    0.60    0.00   34.50 ^ wb_clk_i (in)
                                         wb_clk_i (net)
                  0.60    0.00   34.50 ^ _343_/A1 (sky130_fd_sc_hd__mux2_1)
     2    0.07    0.93    1.02   35.52 ^ _343_/X (sky130_fd_sc_hd__mux2_1)
                                         count.clk (net)
                  0.93    0.00   35.52 ^ clkbuf_0_count.clk/A (sky130_fd_sc_hd__clkbuf_16)
    16    0.12    0.21    0.62   36.15 ^ clkbuf_0_count.clk/X (sky130_fd_sc_hd__clkbuf_16)
                                         clknet_0_count.clk (net)
                  0.21    0.00   36.15 ^ clkbuf_3_6_0_count.clk/A (sky130_fd_sc_hd__clkbuf_8)
    22    0.06    0.19    0.37   36.51 ^ clkbuf_3_6_0_count.clk/X (sky130_fd_sc_hd__clkbuf_8)
                                         clknet_3_6_0_count.clk (net)
                  0.19    0.01   36.52 ^ _683_/CLK (sky130_fd_sc_hd__dfxtp_4)
                         -0.25   36.27   clock uncertainty
                          0.00   36.27   clock reconvergence pessimism
                         -0.12   36.15   library setup time
                                 36.15   data required time
-----------------------------------------------------------------------------
                                 36.15   data required time
                                -37.07   data arrival time
-----------------------------------------------------------------------------
                                 -0.92   slack (VIOLATED)



======================= Typical Corner ===================================

No paths found.


===========================================================================
 report_check_types -max_slew -max_cap -max_fanout -violators
============================================================================
======================= Fastest Corner ===================================

max fanout

Pin                                   Limit Fanout  Slack
---------------------------------------------------------
clkbuf_3_6_0_count.clk/X                 10     22    -12 (VIOLATED)
fanout194/X                              10     20    -10 (VIOLATED)
fanout195/X                              10     20    -10 (VIOLATED)
fanout196/X                              10     20    -10 (VIOLATED)
fanout197/X                              10     20    -10 (VIOLATED)
fanout201/X                              10     20    -10 (VIOLATED)
fanout207/X                              10     20    -10 (VIOLATED)
fanout209/X                              10     20    -10 (VIOLATED)
fanout213/X                              10     20    -10 (VIOLATED)
fanout215/X                              10     20    -10 (VIOLATED)
fanout216/X                              10     20    -10 (VIOLATED)
fanout218/X                              10     20    -10 (VIOLATED)
fanout254/X                              10     20    -10 (VIOLATED)
fanout259/X                              10     20    -10 (VIOLATED)
hold146/X                                10     20    -10 (VIOLATED)
hold152/X                                10     20    -10 (VIOLATED)
hold154/X                                10     20    -10 (VIOLATED)
clkbuf_0_count.clk/X                     10     16     -6 (VIOLATED)
clkbuf_3_0_0_count.clk/X                 10     16     -6 (VIOLATED)
fanout202/X                              10     16     -6 (VIOLATED)
fanout217/X                              10     16     -6 (VIOLATED)
_422_/X                                  10     14     -4 (VIOLATED)
clkbuf_3_2_0_count.clk/X                 10     14     -4 (VIOLATED)
clkbuf_3_3_0_count.clk/X                 10     14     -4 (VIOLATED)
clkbuf_3_5_0_count.clk/X                 10     14     -4 (VIOLATED)
hold151/X                                10     14     -4 (VIOLATED)
_685_/Q                                  10     12     -2 (VIOLATED)
_691_/Q                                  10     12     -2 (VIOLATED)
_693_/Q                                  10     12     -2 (VIOLATED)
fanout208/X                              10     12     -2 (VIOLATED)
fanout212/X                              10     12     -2 (VIOLATED)
hold696/X                                10     12     -2 (VIOLATED)
hold939/X                                10     12     -2 (VIOLATED)


max slew violations count Fastest: 0
max fanout violations count Fastest: 33
max cap violations count Fastest: 0
======================= Slowest Corner ===================================

max slew

Pin                                    Limit    Slew   Slack
------------------------------------------------------------
_422_/C                                 0.75    1.01   -0.26 (VIOLATED)
ANTENNA__422__C/DIODE                   0.75    1.01   -0.26 (VIOLATED)
ANTENNA_18/DIODE                        0.75    1.01   -0.26 (VIOLATED)
ANTENNA_19/DIODE                        0.75    1.01   -0.26 (VIOLATED)
ANTENNA__407__A/DIODE                   0.75    1.01   -0.26 (VIOLATED)
ANTENNA__414__B/DIODE                   0.75    1.01   -0.26 (VIOLATED)
ANTENNA__415__A1/DIODE                  0.75    1.01   -0.26 (VIOLATED)
ANTENNA_hold488_A/DIODE                 0.75    1.01   -0.26 (VIOLATED)
_407_/A                                 0.75    1.01   -0.26 (VIOLATED)
_414_/B                                 0.75    1.01   -0.26 (VIOLATED)
_415_/A1                                0.75    1.01   -0.26 (VIOLATED)
hold488/A                               0.75    1.01   -0.26 (VIOLATED)
hold696/X                               0.75    1.01   -0.26 (VIOLATED)
ANTENNA_clkbuf_0_count.clk_A/DIODE      0.75    0.94   -0.19 (VIOLATED)
_343_/X                                 0.75    0.94   -0.19 (VIOLATED)
clkbuf_0_count.clk/A                    0.75    0.94   -0.19 (VIOLATED)
ANTENNA__422__A/DIODE                   0.75    0.88   -0.13 (VIOLATED)
ANTENNA__424__A1/DIODE                  0.75    0.88   -0.13 (VIOLATED)
ANTENNA_hold487_A/DIODE                 0.75    0.88   -0.13 (VIOLATED)
_422_/A                                 0.75    0.88   -0.13 (VIOLATED)
_424_/A1                                0.75    0.88   -0.13 (VIOLATED)
hold487/A                               0.75    0.88   -0.13 (VIOLATED)
hold723/X                               0.75    0.88   -0.13 (VIOLATED)
_348_/B                                 0.75    0.86   -0.11 (VIOLATED)
ANTENNA__348__B/DIODE                   0.75    0.86   -0.11 (VIOLATED)
hold800/X                               0.75    0.86   -0.11 (VIOLATED)
ANTENNA__414__A/DIODE                   0.75    0.86   -0.11 (VIOLATED)
ANTENNA__415__B1/DIODE                  0.75    0.86   -0.11 (VIOLATED)
ANTENNA__422__B/DIODE                   0.75    0.86   -0.11 (VIOLATED)
ANTENNA_hold486_A/DIODE                 0.75    0.86   -0.11 (VIOLATED)
_414_/A                                 0.75    0.86   -0.11 (VIOLATED)
_415_/B1                                0.75    0.86   -0.11 (VIOLATED)
_422_/B                                 0.75    0.86   -0.11 (VIOLATED)
hold486/A                               0.75    0.86   -0.11 (VIOLATED)
hold932/X                               0.75    0.86   -0.11 (VIOLATED)
_389_/A1                                0.75    0.84   -0.09 (VIOLATED)
ANTENNA__389__A1/DIODE                  0.75    0.84   -0.09 (VIOLATED)
_390_/A1                                0.75    0.84   -0.09 (VIOLATED)
_347_/A                                 0.75    0.84   -0.09 (VIOLATED)
ANTENNA__390__A1/DIODE                  0.75    0.84   -0.09 (VIOLATED)
ANTENNA__347__A/DIODE                   0.75    0.84   -0.09 (VIOLATED)
ANTENNA__348__A/DIODE                   0.75    0.84   -0.09 (VIOLATED)
_348_/A                                 0.75    0.84   -0.09 (VIOLATED)
hold149/X                               0.75    0.84   -0.09 (VIOLATED)
_586_/A1                                0.75    0.84   -0.09 (VIOLATED)
ANTENNA__586__A1/DIODE                  0.75    0.84   -0.09 (VIOLATED)
hold382/X                               0.75    0.84   -0.09 (VIOLATED)
_553_/A1                                0.75    0.83   -0.08 (VIOLATED)
ANTENNA__553__A1/DIODE                  0.75    0.83   -0.08 (VIOLATED)
hold393/X                               0.75    0.83   -0.08 (VIOLATED)
ANTENNA__627__B/DIODE                   0.75    0.81   -0.06 (VIOLATED)
ANTENNA__635__B/DIODE                   0.75    0.81   -0.06 (VIOLATED)
ANTENNA_fanout251_A/DIODE               0.75    0.81   -0.06 (VIOLATED)
_627_/B                                 0.75    0.81   -0.06 (VIOLATED)
_635_/B                                 0.75    0.81   -0.06 (VIOLATED)
fanout251/A                             0.75    0.81   -0.06 (VIOLATED)
hold623/X                               0.75    0.81   -0.06 (VIOLATED)
_404_/A1                                0.75    0.79   -0.04 (VIOLATED)
ANTENNA__404__A1/DIODE                  0.75    0.79   -0.04 (VIOLATED)
hold377/X                               0.75    0.79   -0.04 (VIOLATED)
_426_/A1                                0.75    0.79   -0.04 (VIOLATED)
ANTENNA__426__A1/DIODE                  0.75    0.79   -0.04 (VIOLATED)
hold318/X                               0.75    0.79   -0.04 (VIOLATED)
ANTENNA__432__A1/DIODE                  0.75    0.79   -0.04 (VIOLATED)
_432_/A1                                0.75    0.79   -0.04 (VIOLATED)
hold321/X                               0.75    0.79   -0.04 (VIOLATED)
ANTENNA__578__C1/DIODE                  0.75    0.79   -0.04 (VIOLATED)
ANTENNA__634__C1/DIODE                  0.75    0.79   -0.04 (VIOLATED)
ANTENNA_fanout214_A/DIODE               0.75    0.79   -0.04 (VIOLATED)
_578_/C1                                0.75    0.79   -0.04 (VIOLATED)
_634_/C1                                0.75    0.79   -0.04 (VIOLATED)
fanout214/A                             0.75    0.79   -0.04 (VIOLATED)
hold153/X                               0.75    0.79   -0.04 (VIOLATED)
_593_/A                                 0.75    0.77   -0.02 (VIOLATED)
ANTENNA__593__A/DIODE                   0.75    0.77   -0.02 (VIOLATED)
_529_/B                                 0.75    0.77   -0.02 (VIOLATED)
ANTENNA__529__B/DIODE                   0.75    0.77   -0.02 (VIOLATED)
ANTENNA__383__A/DIODE                   0.75    0.77   -0.02 (VIOLATED)
ANTENNA__384__A/DIODE                   0.75    0.77   -0.02 (VIOLATED)
ANTENNA__464__A/DIODE                   0.75    0.77   -0.02 (VIOLATED)
_383_/A                                 0.75    0.77   -0.02 (VIOLATED)
_384_/A                                 0.75    0.77   -0.02 (VIOLATED)
_464_/A                                 0.75    0.77   -0.02 (VIOLATED)
hold593/X                               0.75    0.77   -0.02 (VIOLATED)
_522_/A1                                0.75    0.76   -0.01 (VIOLATED)
ANTENNA__522__A1/DIODE                  0.75    0.76   -0.01 (VIOLATED)
hold575/X                               0.75    0.76   -0.01 (VIOLATED)

max fanout

Pin                                   Limit Fanout  Slack
---------------------------------------------------------
clkbuf_3_6_0_count.clk/X                 10     22    -12 (VIOLATED)
fanout194/X                              10     20    -10 (VIOLATED)
fanout195/X                              10     20    -10 (VIOLATED)
fanout196/X                              10     20    -10 (VIOLATED)
fanout197/X                              10     20    -10 (VIOLATED)
fanout201/X                              10     20    -10 (VIOLATED)
fanout207/X                              10     20    -10 (VIOLATED)
fanout209/X                              10     20    -10 (VIOLATED)
fanout213/X                              10     20    -10 (VIOLATED)
fanout215/X                              10     20    -10 (VIOLATED)
fanout216/X                              10     20    -10 (VIOLATED)
fanout218/X                              10     20    -10 (VIOLATED)
fanout254/X                              10     20    -10 (VIOLATED)
fanout259/X                              10     20    -10 (VIOLATED)
hold146/X                                10     20    -10 (VIOLATED)
hold152/X                                10     20    -10 (VIOLATED)
hold154/X                                10     20    -10 (VIOLATED)
clkbuf_0_count.clk/X                     10     16     -6 (VIOLATED)
clkbuf_3_0_0_count.clk/X                 10     16     -6 (VIOLATED)
fanout202/X                              10     16     -6 (VIOLATED)
fanout217/X                              10     16     -6 (VIOLATED)
_422_/X                                  10     14     -4 (VIOLATED)
clkbuf_3_2_0_count.clk/X                 10     14     -4 (VIOLATED)
clkbuf_3_3_0_count.clk/X                 10     14     -4 (VIOLATED)
clkbuf_3_5_0_count.clk/X                 10     14     -4 (VIOLATED)
hold151/X                                10     14     -4 (VIOLATED)
_685_/Q                                  10     12     -2 (VIOLATED)
_691_/Q                                  10     12     -2 (VIOLATED)
_693_/Q                                  10     12     -2 (VIOLATED)
fanout208/X                              10     12     -2 (VIOLATED)
fanout212/X                              10     12     -2 (VIOLATED)
hold696/X                                10     12     -2 (VIOLATED)
hold939/X                                10     12     -2 (VIOLATED)


max slew violations count Slowest: 87
max fanout violations count Slowest: 33
max cap violations count Slowest: 0
======================= Typical Corner ===================================

max fanout

Pin                                   Limit Fanout  Slack
---------------------------------------------------------
clkbuf_3_6_0_count.clk/X                 10     22    -12 (VIOLATED)
fanout194/X                              10     20    -10 (VIOLATED)
fanout195/X                              10     20    -10 (VIOLATED)
fanout196/X                              10     20    -10 (VIOLATED)
fanout197/X                              10     20    -10 (VIOLATED)
fanout201/X                              10     20    -10 (VIOLATED)
fanout207/X                              10     20    -10 (VIOLATED)
fanout209/X                              10     20    -10 (VIOLATED)
fanout213/X                              10     20    -10 (VIOLATED)
fanout215/X                              10     20    -10 (VIOLATED)
fanout216/X                              10     20    -10 (VIOLATED)
fanout218/X                              10     20    -10 (VIOLATED)
fanout254/X                              10     20    -10 (VIOLATED)
fanout259/X                              10     20    -10 (VIOLATED)
hold146/X                                10     20    -10 (VIOLATED)
hold152/X                                10     20    -10 (VIOLATED)
hold154/X                                10     20    -10 (VIOLATED)
clkbuf_0_count.clk/X                     10     16     -6 (VIOLATED)
clkbuf_3_0_0_count.clk/X                 10     16     -6 (VIOLATED)
fanout202/X                              10     16     -6 (VIOLATED)
fanout217/X                              10     16     -6 (VIOLATED)
_422_/X                                  10     14     -4 (VIOLATED)
clkbuf_3_2_0_count.clk/X                 10     14     -4 (VIOLATED)
clkbuf_3_3_0_count.clk/X                 10     14     -4 (VIOLATED)
clkbuf_3_5_0_count.clk/X                 10     14     -4 (VIOLATED)
hold151/X                                10     14     -4 (VIOLATED)
_685_/Q                                  10     12     -2 (VIOLATED)
_691_/Q                                  10     12     -2 (VIOLATED)
_693_/Q                                  10     12     -2 (VIOLATED)
fanout208/X                              10     12     -2 (VIOLATED)
fanout212/X                              10     12     -2 (VIOLATED)
hold696/X                                10     12     -2 (VIOLATED)
hold939/X                                10     12     -2 (VIOLATED)


max slew violations count Typical: 0
max fanout violations count Typical: 33
max cap violations count Typical: 0

===========================================================================
report_parasitic_annotation -report_unannotated
============================================================================
Found 120 unannotated drivers.
 io_in[0]
 io_in[10]
 io_in[11]
 io_in[12]
 io_in[13]
 io_in[14]
 io_in[15]
 io_in[16]
 io_in[17]
 io_in[18]
 io_in[19]
 io_in[1]
 io_in[20]
 io_in[21]
 io_in[22]
 io_in[23]
 io_in[24]
 io_in[25]
 io_in[26]
 io_in[27]
 io_in[28]
 io_in[29]
 io_in[2]
 io_in[30]
 io_in[31]
 io_in[32]
 io_in[33]
 io_in[34]
 io_in[35]
 io_in[3]
 io_in[4]
 io_in[5]
 io_in[6]
 io_in[7]
 io_in[8]
 io_in[9]
 user_clock2
 wbs_adr_i[0]
 wbs_adr_i[10]
 wbs_adr_i[11]
 wbs_adr_i[12]
 wbs_adr_i[13]
 wbs_adr_i[14]
 wbs_adr_i[15]
 wbs_adr_i[16]
 wbs_adr_i[17]
 wbs_adr_i[18]
 wbs_adr_i[19]
 wbs_adr_i[1]
 wbs_adr_i[20]
 wbs_adr_i[21]
 wbs_adr_i[22]
 wbs_adr_i[23]
 wbs_adr_i[24]
 wbs_adr_i[25]
 wbs_adr_i[26]
 wbs_adr_i[27]
 wbs_adr_i[28]
 wbs_adr_i[29]
 wbs_adr_i[2]
 wbs_adr_i[30]
 wbs_adr_i[31]
 wbs_adr_i[3]
 wbs_adr_i[4]
 wbs_adr_i[5]
 wbs_adr_i[6]
 wbs_adr_i[7]
 wbs_adr_i[8]
 wbs_adr_i[9]
 wbs_dat_i[30]
 wbs_dat_i[31]
 user_project_262/HI
 user_project_263/HI
 user_project_264/HI
 user_project_265/HI
 user_project_266/HI
 user_project_267/HI
 user_project_268/HI
 user_project_269/HI
 user_project_270/HI
 user_project_271/HI
 user_project_272/HI
 user_project_273/HI
 user_project_274/HI
 user_project_275/HI
 user_project_276/HI
 user_project_277/HI
 user_project_278/HI
 user_project_279/HI
 user_project_280/HI
 user_project_281/HI
 user_project_282/HI
 user_project_283/HI
 user_project_284/HI
 user_project_285/HI
 user_project_286/HI
 user_project_287/HI
 user_project_288/HI
 user_project_289/HI
 user_project_290/HI
 user_project_291/HI
 user_project_292/HI
 user_project_293/HI
 user_project_294/HI
 user_project_295/HI
 user_project_296/HI
 user_project_297/HI
 user_project_298/HI
 user_project_299/HI
 user_project_300/HI
 user_project_301/HI
 user_project_302/HI
 user_project_303/HI
 user_project_304/HI
 user_project_305/HI
 user_project_306/HI
 user_project_307/LO
 user_project_308/LO
 user_project_309/LO
 user_project_310/LO
Found 0 partially unannotated drivers.

===========================================================================
max slew violation count 87
max fanout violation count 33
max cap violation count 0
============================================================================

===========================================================================
check_setup -verbose -unconstrained_endpoints -multiple_clock -no_clock -no_input_delay -loops -generated_clocks
===========================================================================
Warning: There are 37 input ports missing set_input_delay.
  io_in[0]
  io_in[10]
  io_in[11]
  io_in[12]
  io_in[13]
  io_in[14]
  io_in[15]
  io_in[16]
  io_in[17]
  io_in[18]
  io_in[19]
  io_in[1]
  io_in[20]
  io_in[21]
  io_in[22]
  io_in[23]
  io_in[24]
  io_in[25]
  io_in[26]
  io_in[27]
  io_in[28]
  io_in[29]
  io_in[2]
  io_in[30]
  io_in[31]
  io_in[32]
  io_in[33]
  io_in[34]
  io_in[35]
  io_in[3]
  io_in[4]
  io_in[5]
  io_in[6]
  io_in[7]
  io_in[8]
  io_in[9]
  user_clock2
Warning: There are 109 unconstrained endpoints.
  io_oeb[0]
  io_oeb[10]
  io_oeb[11]
  io_oeb[12]
  io_oeb[13]
  io_oeb[14]
  io_oeb[15]
  io_oeb[16]
  io_oeb[17]
  io_oeb[18]
  io_oeb[19]
  io_oeb[1]
  io_oeb[20]
  io_oeb[21]
  io_oeb[22]
  io_oeb[23]
  io_oeb[24]
  io_oeb[25]
  io_oeb[26]
  io_oeb[27]
  io_oeb[28]
  io_oeb[29]
  io_oeb[2]
  io_oeb[30]
  io_oeb[31]
  io_oeb[32]
  io_oeb[33]
  io_oeb[34]
  io_oeb[35]
  io_oeb[3]
  io_oeb[4]
  io_oeb[5]
  io_oeb[6]
  io_oeb[7]
  io_oeb[8]
  io_oeb[9]
  io_out[0]
  io_out[10]
  io_out[11]
  io_out[12]
  io_out[13]
  io_out[14]
  io_out[15]
  io_out[16]
  io_out[17]
  io_out[18]
  io_out[19]
  io_out[1]
  io_out[20]
  io_out[21]
  io_out[22]
  io_out[23]
  io_out[24]
  io_out[25]
  io_out[26]
  io_out[27]
  io_out[28]
  io_out[29]
  io_out[2]
  io_out[30]
  io_out[31]
  io_out[32]
  io_out[33]
  io_out[34]
  io_out[35]
  io_out[3]
  io_out[4]
  io_out[5]
  io_out[6]
  io_out[7]
  io_out[8]
  io_out[9]
  la_data_out[0]
  la_data_out[10]
  la_data_out[11]
  la_data_out[12]
  la_data_out[13]
  la_data_out[14]
  la_data_out[15]
  la_data_out[16]
  la_data_out[17]
  la_data_out[18]
  la_data_out[19]
  la_data_out[1]
  la_data_out[20]
  la_data_out[21]
  la_data_out[22]
  la_data_out[23]
  la_data_out[24]
  la_data_out[25]
  la_data_out[26]
  la_data_out[27]
  la_data_out[28]
  la_data_out[29]
  la_data_out[2]
  la_data_out[30]
  la_data_out[31]
  la_data_out[3]
  la_data_out[4]
  la_data_out[5]
  la_data_out[6]
  la_data_out[7]
  la_data_out[8]
  la_data_out[9]
  user_irq[0]
  user_irq[1]
  user_irq[2]
  wbs_dat_o[30]
  wbs_dat_o[31]
