
===========================================================================
report_checks -unconstrained
===========================================================================
======================= Typical Corner ===================================

Startpoint: wbs_cyc_i (input port clocked by clk)
Endpoint: _683_ (rising edge-triggered flip-flop clocked by clk)
Path Group: clk
Path Type: max

Fanout     Cap    Slew   Delay    Time   Description
-----------------------------------------------------------------------------
                          0.00    0.00   clock clk (rise edge)
                          6.00    6.00   clock network delay (propagated)
                         10.00   16.00 ^ input external delay
     1    0.00    0.44    0.00   16.00 ^ wbs_cyc_i (in)
                                         wbs_cyc_i (net)
                  0.44    0.00   16.00 ^ hold799/A (sky130_fd_sc_hd__dlygate4sd3_1)
     1    0.00    0.06    0.65   16.65 ^ hold799/X (sky130_fd_sc_hd__dlygate4sd3_1)
                                         net1109 (net)
                  0.06    0.00   16.65 ^ input66/A (sky130_fd_sc_hd__buf_4)
     4    0.07    0.19    0.23   16.88 ^ input66/X (sky130_fd_sc_hd__buf_4)
                                         net66 (net)
                  0.19    0.01   16.88 ^ hold800/A (sky130_fd_sc_hd__dlygate4sd3_1)
     1    0.03    0.30    0.79   17.68 ^ hold800/X (sky130_fd_sc_hd__dlygate4sd3_1)
                                         net1110 (net)
                  0.30    0.01   17.68 ^ _348_/B (sky130_fd_sc_hd__nand2_1)
     1    0.00    0.08    0.09   17.77 v _348_/Y (sky130_fd_sc_hd__nand2_1)
                                         _089_ (net)
                  0.08    0.00   17.77 v hold1004/A (sky130_fd_sc_hd__dlygate4sd3_1)
     1    0.00    0.05    0.58   18.35 v hold1004/X (sky130_fd_sc_hd__dlygate4sd3_1)
                                         net1314 (net)
                  0.05    0.00   18.35 v hold150/A (sky130_fd_sc_hd__dlygate4sd3_1)
     1    0.00    0.06    0.58   18.93 v hold150/X (sky130_fd_sc_hd__dlygate4sd3_1)
                                         net460 (net)
                  0.06    0.00   18.93 v fanout260/A (sky130_fd_sc_hd__buf_4)
     1    0.00    0.02    0.13   19.06 v fanout260/X (sky130_fd_sc_hd__buf_4)
                                         net260 (net)
                  0.02    0.00   19.06 v hold151/A (sky130_fd_sc_hd__buf_4)
     7    0.04    0.07    0.17   19.24 v hold151/X (sky130_fd_sc_hd__buf_4)
                                         net461 (net)
                  0.07    0.00   19.24 v fanout258/A (sky130_fd_sc_hd__buf_4)
     1    0.02    0.04    0.17   19.41 v fanout258/X (sky130_fd_sc_hd__buf_4)
                                         net258 (net)
                  0.04    0.00   19.41 v hold152/A (sky130_fd_sc_hd__buf_4)
    10    0.06    0.08    0.20   19.61 v hold152/X (sky130_fd_sc_hd__buf_4)
                                         net462 (net)
                  0.08    0.01   19.61 v _349_/B (sky130_fd_sc_hd__nor2_4)
     1    0.02    0.12    0.14   19.75 ^ _349_/Y (sky130_fd_sc_hd__nor2_4)
                                         _090_ (net)
                  0.12    0.00   19.75 ^ hold153/A (sky130_fd_sc_hd__dlygate4sd3_1)
     3    0.03    0.30    0.78   20.53 ^ hold153/X (sky130_fd_sc_hd__dlygate4sd3_1)
                                         net463 (net)
                  0.30    0.00   20.54 ^ fanout214/A (sky130_fd_sc_hd__clkbuf_4)
     1    0.00    0.04    0.21   20.75 ^ fanout214/X (sky130_fd_sc_hd__clkbuf_4)
                                         net214 (net)
                  0.04    0.00   20.75 ^ hold154/A (sky130_fd_sc_hd__clkbuf_4)
    10    0.03    0.09    0.17   20.92 ^ hold154/X (sky130_fd_sc_hd__clkbuf_4)
                                         net464 (net)
                  0.09    0.00   20.92 ^ _351_/B (sky130_fd_sc_hd__nand2_2)
     1    0.00    0.05    0.05   20.98 v _351_/Y (sky130_fd_sc_hd__nand2_2)
                                         _092_ (net)
                  0.05    0.00   20.98 v hold155/A (sky130_fd_sc_hd__dlygate4sd3_1)
     1    0.00    0.05    0.57   21.55 v hold155/X (sky130_fd_sc_hd__dlygate4sd3_1)
                                         net465 (net)
                  0.05    0.00   21.55 v hold145/A (sky130_fd_sc_hd__dlygate4sd3_1)
     1    0.00    0.05    0.58   22.13 v hold145/X (sky130_fd_sc_hd__dlygate4sd3_1)
                                         net455 (net)
                  0.05    0.00   22.13 v hold156/A (sky130_fd_sc_hd__dlymetal6s4s_1)
     4    0.03    0.13    0.35   22.48 v hold156/X (sky130_fd_sc_hd__dlymetal6s4s_1)
                                         net466 (net)
                  0.13    0.00   22.48 v fanout210/A (sky130_fd_sc_hd__buf_2)
     5    0.03    0.08    0.23   22.70 v fanout210/X (sky130_fd_sc_hd__buf_2)
                                         net210 (net)
                  0.08    0.00   22.70 v _352_/A (sky130_fd_sc_hd__inv_2)
     3    0.02    0.10    0.12   22.83 ^ _352_/Y (sky130_fd_sc_hd__inv_2)
                                         _030_ (net)
                  0.10    0.00   22.83 ^ fanout195/A (sky130_fd_sc_hd__clkbuf_4)
    10    0.05    0.14    0.24   23.07 ^ fanout195/X (sky130_fd_sc_hd__clkbuf_4)
                                         net195 (net)
                  0.14    0.00   23.07 ^ _511_/B1 (sky130_fd_sc_hd__o21ai_1)
     1    0.00    0.06    0.09   23.16 v _511_/Y (sky130_fd_sc_hd__o21ai_1)
                                         _207_ (net)
                  0.06    0.00   23.16 v hold708/A (sky130_fd_sc_hd__dlygate4sd3_1)
     1    0.00    0.05    0.58   23.74 v hold708/X (sky130_fd_sc_hd__dlygate4sd3_1)
                                         net1018 (net)
                  0.05    0.00   23.74 v hold27/A (sky130_fd_sc_hd__dlygate4sd3_1)
     1    0.00    0.06    0.58   24.32 v hold27/X (sky130_fd_sc_hd__dlygate4sd3_1)
                                         net337 (net)
                  0.06    0.00   24.32 v _512_/B1 (sky130_fd_sc_hd__a21oi_1)
     1    0.00    0.12    0.13   24.45 ^ _512_/Y (sky130_fd_sc_hd__a21oi_1)
                                         _208_ (net)
                  0.12    0.00   24.45 ^ hold28/A (sky130_fd_sc_hd__dlygate4sd3_1)
     1    0.00    0.05    0.58   25.04 ^ hold28/X (sky130_fd_sc_hd__dlygate4sd3_1)
                                         net338 (net)
                  0.05    0.00   25.04 ^ _513_/B1 (sky130_fd_sc_hd__a31o_1)
     1    0.00    0.05    0.10   25.13 ^ _513_/X (sky130_fd_sc_hd__a31o_1)
                                         _045_ (net)
                  0.05    0.00   25.13 ^ hold29/A (sky130_fd_sc_hd__dlygate4sd3_1)
     1    0.00    0.04    0.55   25.68 ^ hold29/X (sky130_fd_sc_hd__dlygate4sd3_1)
                                         net339 (net)
                  0.04    0.00   25.68 ^ _683_/D (sky130_fd_sc_hd__dfxtp_4)
                                 25.68   data arrival time

                         30.00   30.00   clock clk (rise edge)
                          4.50   34.50   clock source latency
     1    0.01    0.60    0.00   34.50 ^ wb_clk_i (in)
                                         wb_clk_i (net)
                  0.60    0.00   34.50 ^ _343_/A1 (sky130_fd_sc_hd__mux2_1)
     1    0.01    0.08    0.25   34.75 ^ _343_/X (sky130_fd_sc_hd__mux2_1)
                                         count.clk (net)
                  0.08    0.00   34.75 ^ clkbuf_0_count.clk/A (sky130_fd_sc_hd__clkbuf_16)
     8    0.03    0.06    0.14   34.89 ^ clkbuf_0_count.clk/X (sky130_fd_sc_hd__clkbuf_16)
                                         clknet_0_count.clk (net)
                  0.06    0.00   34.89 ^ clkbuf_3_6_0_count.clk/A (sky130_fd_sc_hd__clkbuf_8)
    11    0.04    0.09    0.15   35.05 ^ clkbuf_3_6_0_count.clk/X (sky130_fd_sc_hd__clkbuf_8)
                                         clknet_3_6_0_count.clk (net)
                  0.09    0.00   35.05 ^ _683_/CLK (sky130_fd_sc_hd__dfxtp_4)
                         -0.25   34.80   clock uncertainty
                          0.00   34.80   clock reconvergence pessimism
                         -0.05   34.74   library setup time
                                 34.74   data required time
-----------------------------------------------------------------------------
                                 34.74   data required time
                                -25.68   data arrival time
-----------------------------------------------------------------------------
                                  9.06   slack (MET)




===========================================================================
report_checks --slack_max -0.01
============================================================================
======================= Typical Corner ===================================

No paths found.


===========================================================================
 report_check_types -max_slew -max_cap -max_fanout -violators
============================================================================
======================= Typical Corner ===================================

max fanout

Pin                                   Limit Fanout  Slack
---------------------------------------------------------
clkbuf_3_6_0_count.clk/X                 10     11        (VIOLATED)


max slew violations count Typical: 0
max fanout violations count Typical: 1
max cap violations count Typical: 0

===========================================================================
report_parasitic_annotation -report_unannotated
============================================================================
Found 394 unannotated drivers.
 io_in[0]
 io_in[10]
 io_in[11]
 io_in[12]
 io_in[13]
 io_in[14]
 io_in[15]
 io_in[16]
 io_in[17]
 io_in[18]
 io_in[19]
 io_in[1]
 io_in[20]
 io_in[21]
 io_in[22]
 io_in[23]
 io_in[24]
 io_in[25]
 io_in[26]
 io_in[27]
 io_in[28]
 io_in[29]
 io_in[2]
 io_in[30]
 io_in[31]
 io_in[32]
 io_in[33]
 io_in[34]
 io_in[35]
 io_in[3]
 io_in[4]
 io_in[5]
 io_in[6]
 io_in[7]
 io_in[8]
 io_in[9]
 user_clock2
 wbs_adr_i[0]
 wbs_adr_i[10]
 wbs_adr_i[11]
 wbs_adr_i[12]
 wbs_adr_i[13]
 wbs_adr_i[14]
 wbs_adr_i[15]
 wbs_adr_i[16]
 wbs_adr_i[17]
 wbs_adr_i[18]
 wbs_adr_i[19]
 wbs_adr_i[1]
 wbs_adr_i[20]
 wbs_adr_i[21]
 wbs_adr_i[22]
 wbs_adr_i[23]
 wbs_adr_i[24]
 wbs_adr_i[25]
 wbs_adr_i[26]
 wbs_adr_i[27]
 wbs_adr_i[28]
 wbs_adr_i[29]
 wbs_adr_i[2]
 wbs_adr_i[30]
 wbs_adr_i[31]
 wbs_adr_i[3]
 wbs_adr_i[4]
 wbs_adr_i[5]
 wbs_adr_i[6]
 wbs_adr_i[7]
 wbs_adr_i[8]
 wbs_adr_i[9]
 wbs_dat_i[30]
 wbs_dat_i[31]
 hold1000/X
 hold1001/X
 hold1002/X
 hold1003/X
 hold1004/X
 hold1006/X
 hold1007/X
 hold1011/X
 hold1012/X
 hold1013/X
 hold1014/X
 hold1019/X
 hold1020/X
 hold1021/X
 hold1022/X
 hold1023/X
 hold1024/X
 hold1025/X
 hold1029/X
 hold1030/X
 hold1031/X
 hold1032/X
 hold1033/X
 hold1034/X
 hold1035/X
 hold1036/X
 hold1037/X
 hold1038/X
 hold1044/X
 hold1048/X
 hold1049/X
 hold1050/X
 hold1051/X
 hold1052/X
 hold1053/X
 hold1054/X
 hold1061/X
 hold1062/X
 hold1065/X
 hold1066/X
 hold1070/X
 hold1075/X
 hold1076/X
 hold1077/X
 hold1081/X
 hold1084/X
 hold1085/X
 hold1086/X
 hold1087/X
 hold1090/X
 hold1091/X
 hold1092/X
 hold1093/X
 hold1096/X
 hold1097/X
 hold1098/X
 hold1102/X
 hold1107/X
 hold1112/X
 hold1114/X
 hold1116/X
 hold1119/X
 hold1120/X
 hold1121/X
 hold1122/X
 hold1125/X
 hold690/X
 hold691/X
 hold692/X
 hold693/X
 hold694/X
 hold695/X
 hold696/X
 hold698/X
 hold704/X
 hold716/X
 hold717/X
 hold722/X
 hold723/X
 hold724/X
 hold725/X
 hold726/X
 hold727/X
 hold731/X
 hold732/X
 hold733/X
 hold734/X
 hold735/X
 hold736/X
 hold740/X
 hold741/X
 hold742/X
 hold743/X
 hold747/X
 hold748/X
 hold749/X
 hold753/X
 hold754/X
 hold755/X
 hold756/X
 hold757/X
 hold758/X
 hold762/X
 hold763/X
 hold764/X
 hold765/X
 hold766/X
 hold767/X
 hold771/X
 hold772/X
 hold773/X
 hold774/X
 hold775/X
 hold776/X
 hold783/X
 hold784/X
 hold785/X
 hold786/X
 hold790/X
 hold791/X
 hold792/X
 hold793/X
 hold794/X
 hold807/X
 hold808/X
 hold814/X
 hold815/X
 hold816/X
 hold819/X
 hold820/X
 hold821/X
 hold843/X
 hold844/X
 hold845/X
 hold855/X
 hold856/X
 hold857/X
 hold858/X
 hold859/X
 hold860/X
 hold861/X
 hold862/X
 hold863/X
 hold864/X
 hold865/X
 hold866/X
 hold867/X
 hold868/X
 hold869/X
 hold870/X
 hold871/X
 hold872/X
 hold873/X
 hold874/X
 hold875/X
 hold876/X
 hold877/X
 hold878/X
 hold879/X
 hold880/X
 hold881/X
 hold882/X
 hold883/X
 hold884/X
 hold885/X
 hold886/X
 hold887/X
 hold888/X
 hold889/X
 hold890/X
 hold891/X
 hold892/X
 hold893/X
 hold894/X
 hold895/X
 hold896/X
 hold897/X
 hold898/X
 hold899/X
 hold900/X
 hold901/X
 hold902/X
 hold904/X
 hold905/X
 hold906/X
 hold907/X
 hold908/X
 hold909/X
 hold910/X
 hold911/X
 hold912/X
 hold913/X
 hold914/X
 hold915/X
 hold917/X
 hold918/X
 hold919/X
 hold920/X
 hold921/X
 hold922/X
 hold923/X
 hold924/X
 hold925/X
 hold926/X
 hold927/X
 hold928/X
 hold929/X
 hold930/X
 hold931/X
 hold932/X
 hold933/X
 hold934/X
 hold935/X
 hold936/X
 hold937/X
 hold938/X
 hold939/X
 hold940/X
 hold941/X
 hold942/X
 hold943/X
 hold944/X
 hold945/X
 hold946/X
 hold947/X
 hold948/X
 hold949/X
 hold950/X
 hold951/X
 hold952/X
 hold953/X
 hold954/X
 hold955/X
 hold956/X
 hold957/X
 hold958/X
 hold959/X
 hold960/X
 hold961/X
 hold962/X
 hold963/X
 hold964/X
 hold965/X
 hold966/X
 hold967/X
 hold968/X
 hold969/X
 hold970/X
 hold971/X
 hold972/X
 hold973/X
 hold974/X
 hold975/X
 hold976/X
 hold977/X
 hold978/X
 hold980/X
 hold981/X
 hold982/X
 hold984/X
 hold985/X
 hold986/X
 hold987/X
 hold988/X
 hold990/X
 hold991/X
 hold992/X
 hold993/X
 hold994/X
 hold995/X
 hold996/X
 hold997/X
 hold998/X
 hold999/X
 user_project_262/HI
 user_project_263/HI
 user_project_264/HI
 user_project_265/HI
 user_project_266/HI
 user_project_267/HI
 user_project_268/HI
 user_project_269/HI
 user_project_270/HI
 user_project_271/HI
 user_project_272/HI
 user_project_273/HI
 user_project_274/HI
 user_project_275/HI
 user_project_276/HI
 user_project_277/HI
 user_project_278/HI
 user_project_279/HI
 user_project_280/HI
 user_project_281/HI
 user_project_282/HI
 user_project_283/HI
 user_project_284/HI
 user_project_285/HI
 user_project_286/HI
 user_project_287/HI
 user_project_288/HI
 user_project_289/HI
 user_project_290/HI
 user_project_291/HI
 user_project_292/HI
 user_project_293/HI
 user_project_294/HI
 user_project_295/HI
 user_project_296/HI
 user_project_297/HI
 user_project_298/HI
 user_project_299/HI
 user_project_300/HI
 user_project_301/HI
 user_project_302/HI
 user_project_303/HI
 user_project_304/HI
 user_project_305/HI
 user_project_306/HI
 user_project_307/LO
 user_project_308/LO
 user_project_309/LO
 user_project_310/LO
Found 527 partially unannotated drivers.
 la_oenb[10]
 la_oenb[13]
 la_oenb[14]
 wb_clk_i
 wbs_dat_i[10]
 wbs_dat_i[11]
 wbs_dat_i[12]
 wbs_dat_i[15]
 wbs_dat_i[16]
 wbs_dat_i[17]
 wbs_dat_i[18]
 wbs_dat_i[19]
 wbs_dat_i[20]
 wbs_dat_i[21]
 wbs_dat_i[22]
 wbs_dat_i[23]
 wbs_dat_i[24]
 wbs_dat_i[25]
 wbs_dat_i[29]
 wbs_dat_i[7]
 wbs_dat_i[8]
 wbs_dat_i[9]
 wbs_sel_i[0]
 wbs_sel_i[2]
 wbs_sel_i[3]
 _320_/Y
 _324_/Y
 _326_/Y
 _330_/Y
 _333_/Y
 _334_/Y
 _343_/X
 _346_/Y
 _347_/X
 _348_/Y
 _350_/X
 _354_/X
 _365_/X
 _366_/X
 _370_/X
 _371_/X
 _384_/X
 _395_/X
 _399_/X
 _407_/X
 _410_/Y
 _411_/Y
 _412_/Y
 _414_/X
 _415_/Y
 _419_/Y
 _421_/X
 _424_/Y
 _428_/Y
 _429_/X
 _431_/Y
 _432_/X
 _440_/X
 _448_/X
 _452_/X
 _453_/X
 _457_/X
 _459_/X
 _462_/X
 _469_/X
 _471_/X
 _472_/Y
 _473_/X
 _475_/Y
 _476_/X
 _479_/X
 _483_/X
 _485_/X
 _487_/Y
 _489_/X
 _494_/X
 _501_/Y
 _504_/X
 _507_/X
 _508_/X
 _510_/X
 _514_/X
 _515_/X
 _516_/X
 _517_/X
 _518_/Y
 _519_/X
 _520_/Y
 _522_/X
 _528_/X
 _534_/X
 _536_/Y
 _542_/X
 _544_/X
 _546_/Y
 _549_/Y
 _551_/X
 _553_/X
 _555_/X
 _557_/Y
 _558_/Y
 _560_/Y
 _566_/X
 _567_/Y
 _575_/X
 _581_/X
 _583_/X
 _586_/X
 _591_/Y
 _599_/X
 _602_/X
 _611_/X
 _613_/X
 _615_/X
 _617_/Y
 _618_/X
 _625_/Y
 _626_/X
 _630_/X
 _631_/X
 _632_/Y
 _638_/Q
 _639_/Q
 _641_/Q
 _642_/Q
 _644_/Q
 _645_/Q
 _648_/Q
 _651_/Q
 _652_/Q
 _653_/Q
 _654_/Q
 _655_/Q
 _657_/Q
 _659_/Q
 _660_/Q
 _661_/Q
 _662_/Q
 _663_/Q
 _664_/Q
 _665_/Q
 _668_/Q
 _669_/Q
 _670_/Q
 _671_/Q
 _672_/Q
 _675_/Q
 _677_/Q
 _678_/Q
 _679_/Q
 _681_/Q
 _683_/Q
 _685_/Q
 _686_/Q
 _688_/Q
 _689_/Q
 _690_/Q
 _691_/Q
 _692_/Q
 _693_/Q
 _694_/Q
 _695_/Q
 _696_/Q
 _697_/Q
 _698_/Q
 clkbuf_0_count.clk/X
 clkbuf_3_4_0_count.clk/X
 clkbuf_3_5_0_count.clk/X
 clkbuf_3_6_0_count.clk/X
 fanout195/X
 fanout196/X
 fanout197/X
 fanout199/X
 fanout200/X
 fanout201/X
 fanout202/X
 fanout203/X
 fanout204/X
 fanout205/X
 fanout206/X
 fanout207/X
 fanout215/X
 fanout216/X
 fanout217/X
 fanout251/X
 fanout252/X
 fanout253/X
 fanout256/X
 fanout260/X
 hold1/X
 hold101/X
 hold104/X
 hold108/X
 hold113/X
 hold114/X
 hold115/X
 hold116/X
 hold117/X
 hold125/X
 hold127/X
 hold128/X
 hold130/X
 hold136/X
 hold143/X
 hold148/X
 hold151/X
 hold152/X
 hold154/X
 hold156/X
 hold159/X
 hold161/X
 hold164/X
 hold166/X
 hold177/X
 hold183/X
 hold187/X
 hold214/X
 hold220/X
 hold223/X
 hold226/X
 hold229/X
 hold241/X
 hold245/X
 hold253/X
 hold254/X
 hold257/X
 hold262/X
 hold265/X
 hold266/X
 hold270/X
 hold271/X
 hold278/X
 hold28/X
 hold287/X
 hold29/X
 hold292/X
 hold295/X
 hold3/X
 hold311/X
 hold312/X
 hold314/X
 hold315/X
 hold316/X
 hold317/X
 hold318/X
 hold319/X
 hold320/X
 hold321/X
 hold322/X
 hold329/X
 hold330/X
 hold331/X
 hold334/X
 hold337/X
 hold347/X
 hold348/X
 hold349/X
 hold35/X
 hold352/X
 hold360/X
 hold361/X
 hold362/X
 hold364/X
 hold368/X
 hold370/X
 hold371/X
 hold372/X
 hold374/X
 hold375/X
 hold376/X
 hold377/X
 hold383/X
 hold385/X
 hold388/X
 hold390/X
 hold391/X
 hold393/X
 hold394/X
 hold397/X
 hold398/X
 hold40/X
 hold400/X
 hold401/X
 hold407/X
 hold41/X
 hold412/X
 hold413/X
 hold419/X
 hold420/X
 hold422/X
 hold424/X
 hold427/X
 hold428/X
 hold430/X
 hold431/X
 hold436/X
 hold437/X
 hold443/X
 hold452/X
 hold455/X
 hold458/X
 hold459/X
 hold460/X
 hold463/X
 hold464/X
 hold465/X
 hold466/X
 hold467/X
 hold468/X
 hold469/X
 hold471/X
 hold472/X
 hold473/X
 hold474/X
 hold475/X
 hold476/X
 hold478/X
 hold479/X
 hold48/X
 hold481/X
 hold484/X
 hold485/X
 hold489/X
 hold490/X
 hold494/X
 hold496/X
 hold498/X
 hold499/X
 hold5/X
 hold504/X
 hold505/X
 hold506/X
 hold507/X
 hold508/X
 hold509/X
 hold510/X
 hold511/X
 hold513/X
 hold515/X
 hold516/X
 hold517/X
 hold52/X
 hold520/X
 hold521/X
 hold522/X
 hold523/X
 hold528/X
 hold529/X
 hold53/X
 hold533/X
 hold536/X
 hold538/X
 hold54/X
 hold543/X
 hold544/X
 hold546/X
 hold549/X
 hold553/X
 hold556/X
 hold558/X
 hold559/X
 hold561/X
 hold562/X
 hold563/X
 hold567/X
 hold571/X
 hold572/X
 hold575/X
 hold576/X
 hold578/X
 hold584/X
 hold585/X
 hold589/X
 hold59/X
 hold590/X
 hold591/X
 hold594/X
 hold597/X
 hold598/X
 hold599/X
 hold60/X
 hold602/X
 hold604/X
 hold61/X
 hold610/X
 hold614/X
 hold619/X
 hold624/X
 hold628/X
 hold629/X
 hold63/X
 hold634/X
 hold636/X
 hold644/X
 hold660/X
 hold661/X
 hold663/X
 hold666/X
 hold667/X
 hold671/X
 hold672/X
 hold677/X
 hold678/X
 hold683/X
 hold684/X
 hold687/X
 hold688/X
 hold69/X
 hold70/X
 hold706/X
 hold707/X
 hold71/X
 hold710/X
 hold718/X
 hold728/X
 hold729/X
 hold74/X
 hold744/X
 hold745/X
 hold750/X
 hold759/X
 hold760/X
 hold768/X
 hold777/X
 hold778/X
 hold779/X
 hold780/X
 hold781/X
 hold782/X
 hold787/X
 hold796/X
 hold806/X
 hold813/X
 hold82/X
 hold823/X
 hold825/X
 hold829/X
 hold832/X
 hold833/X
 hold834/X
 hold837/X
 hold840/X
 hold841/X
 hold847/X
 hold849/X
 hold851/X
 hold86/X
 hold88/X
 hold89/X
 hold9/X
 hold99/X
 input1/X
 input10/X
 input101/X
 input11/X
 input12/X
 input13/X
 input14/X
 input15/X
 input2/X
 input23/X
 input26/X
 input27/X
 input28/X
 input29/X
 input3/X
 input30/X
 input31/X
 input32/X
 input33/X
 input4/X
 input5/X
 input57/X
 input6/X
 input69/X
 input7/X
 input71/X
 input74/X
 input75/X
 input78/X
 input8/X
 input80/X
 input81/X
 input83/X
 input85/X
 input86/X
 input87/X
 input88/X
 input89/X
 input9/X
 input91/X
 input92/X
 input93/X
 max_cap250/X
 output109/X
 output110/X
 output111/X
 output112/X
 output113/X
 output115/X
 output116/X
 output117/X
 output118/X
 output122/X
 output139/X
 output140/X
 output141/X
 output142/X
 output143/X
 output145/X
 output146/X
 output147/X
 output148/X
 output151/X
 user_project_263/LO
 user_project_268/LO
 user_project_310/HI
 wire219/X
 wire220/X
 wire221/X
 wire222/X
 wire223/X
 wire224/X
 wire225/X
 wire226/X
 wire227/X
 wire228/X

===========================================================================
max slew violation count 0
max fanout violation count 1
max cap violation count 0
============================================================================

===========================================================================
check_setup -verbose -unconstrained_endpoints -multiple_clock -no_clock -no_input_delay -loops -generated_clocks
===========================================================================
Warning: There are 37 input ports missing set_input_delay.
  io_in[0]
  io_in[10]
  io_in[11]
  io_in[12]
  io_in[13]
  io_in[14]
  io_in[15]
  io_in[16]
  io_in[17]
  io_in[18]
  io_in[19]
  io_in[1]
  io_in[20]
  io_in[21]
  io_in[22]
  io_in[23]
  io_in[24]
  io_in[25]
  io_in[26]
  io_in[27]
  io_in[28]
  io_in[29]
  io_in[2]
  io_in[30]
  io_in[31]
  io_in[32]
  io_in[33]
  io_in[34]
  io_in[35]
  io_in[3]
  io_in[4]
  io_in[5]
  io_in[6]
  io_in[7]
  io_in[8]
  io_in[9]
  user_clock2
Warning: There are 109 unconstrained endpoints.
  io_oeb[0]
  io_oeb[10]
  io_oeb[11]
  io_oeb[12]
  io_oeb[13]
  io_oeb[14]
  io_oeb[15]
  io_oeb[16]
  io_oeb[17]
  io_oeb[18]
  io_oeb[19]
  io_oeb[1]
  io_oeb[20]
  io_oeb[21]
  io_oeb[22]
  io_oeb[23]
  io_oeb[24]
  io_oeb[25]
  io_oeb[26]
  io_oeb[27]
  io_oeb[28]
  io_oeb[29]
  io_oeb[2]
  io_oeb[30]
  io_oeb[31]
  io_oeb[32]
  io_oeb[33]
  io_oeb[34]
  io_oeb[35]
  io_oeb[3]
  io_oeb[4]
  io_oeb[5]
  io_oeb[6]
  io_oeb[7]
  io_oeb[8]
  io_oeb[9]
  io_out[0]
  io_out[10]
  io_out[11]
  io_out[12]
  io_out[13]
  io_out[14]
  io_out[15]
  io_out[16]
  io_out[17]
  io_out[18]
  io_out[19]
  io_out[1]
  io_out[20]
  io_out[21]
  io_out[22]
  io_out[23]
  io_out[24]
  io_out[25]
  io_out[26]
  io_out[27]
  io_out[28]
  io_out[29]
  io_out[2]
  io_out[30]
  io_out[31]
  io_out[32]
  io_out[33]
  io_out[34]
  io_out[35]
  io_out[3]
  io_out[4]
  io_out[5]
  io_out[6]
  io_out[7]
  io_out[8]
  io_out[9]
  la_data_out[0]
  la_data_out[10]
  la_data_out[11]
  la_data_out[12]
  la_data_out[13]
  la_data_out[14]
  la_data_out[15]
  la_data_out[16]
  la_data_out[17]
  la_data_out[18]
  la_data_out[19]
  la_data_out[1]
  la_data_out[20]
  la_data_out[21]
  la_data_out[22]
  la_data_out[23]
  la_data_out[24]
  la_data_out[25]
  la_data_out[26]
  la_data_out[27]
  la_data_out[28]
  la_data_out[29]
  la_data_out[2]
  la_data_out[30]
  la_data_out[31]
  la_data_out[3]
  la_data_out[4]
  la_data_out[5]
  la_data_out[6]
  la_data_out[7]
  la_data_out[8]
  la_data_out[9]
  user_irq[0]
  user_irq[1]
  user_irq[2]
  wbs_dat_o[30]
  wbs_dat_o[31]
