
===========================================================================
report_checks -unconstrained
===========================================================================
======================= Typical Corner ===================================

Startpoint: la_oenb[0] (input port clocked by clk)
Endpoint: _694_ (rising edge-triggered flip-flop clocked by clk)
Path Group: clk
Path Type: max

Fanout     Cap    Slew   Delay    Time   Description
-----------------------------------------------------------------------------
                          0.00    0.00   clock clk (rise edge)
                          6.00    6.00   clock network delay (propagated)
                         10.00   16.00 v input external delay
     1    0.00    0.44    0.00   16.00 v la_oenb[0] (in)
                                         la_oenb[0] (net)
                  0.44    0.00   16.00 v hold686/A (sky130_fd_sc_hd__dlygate4sd3_1)
     1    0.01    0.07    0.78   16.78 v hold686/X (sky130_fd_sc_hd__dlygate4sd3_1)
                                         net996 (net)
                  0.07    0.00   16.78 v input33/A (sky130_fd_sc_hd__buf_8)
     2    0.00    0.02    0.13   16.90 v input33/X (sky130_fd_sc_hd__buf_8)
                                         net33 (net)
                  0.02    0.00   16.90 v hold687/A (sky130_fd_sc_hd__buf_4)
     2    0.00    0.02    0.12   17.02 v hold687/X (sky130_fd_sc_hd__buf_4)
                                         net997 (net)
                  0.02    0.00   17.02 v hold1030/A (sky130_fd_sc_hd__clkbuf_4)
     4    0.01    0.04    0.14   17.16 v hold1030/X (sky130_fd_sc_hd__clkbuf_4)
                                         net1340 (net)
                  0.04    0.00   17.16 v _390_/B1 (sky130_fd_sc_hd__a22o_1)
     1    0.00    0.03    0.17   17.33 v _390_/X (sky130_fd_sc_hd__a22o_1)
                                         _100_ (net)
                  0.03    0.00   17.33 v hold697/A (sky130_fd_sc_hd__dlygate4sd3_1)
     1    0.00    0.05    0.57   17.89 v hold697/X (sky130_fd_sc_hd__dlygate4sd3_1)
                                         net1007 (net)
                  0.05    0.00   17.89 v _396_/C1 (sky130_fd_sc_hd__o2111a_1)
     1    0.00    0.04    0.12   18.02 v _396_/X (sky130_fd_sc_hd__o2111a_1)
                                         _106_ (net)
                  0.04    0.00   18.02 v _399_/B (sky130_fd_sc_hd__and4_1)
     1    0.00    0.03    0.16   18.18 v _399_/X (sky130_fd_sc_hd__and4_1)
                                         _109_ (net)
                  0.03    0.00   18.18 v hold521/A (sky130_fd_sc_hd__dlygate4sd3_1)
     3    0.01    0.07    0.59   18.77 v hold521/X (sky130_fd_sc_hd__dlygate4sd3_1)
                                         net831 (net)
                  0.07    0.00   18.77 v _551_/B (sky130_fd_sc_hd__and4_2)
     1    0.00    0.04    0.21   18.98 v _551_/X (sky130_fd_sc_hd__and4_2)
                                         _242_ (net)
                  0.04    0.00   18.98 v hold1065/A (sky130_fd_sc_hd__dlygate4sd3_1)
     1    0.00    0.05    0.56   19.54 v hold1065/X (sky130_fd_sc_hd__dlygate4sd3_1)
                                         net1375 (net)
                  0.05    0.00   19.54 v hold699/A (sky130_fd_sc_hd__dlygate4sd3_1)
     1    0.00    0.05    0.56   20.11 v hold699/X (sky130_fd_sc_hd__dlygate4sd3_1)
                                         net1009 (net)
                  0.05    0.00   20.11 v hold590/A (sky130_fd_sc_hd__dlygate4sd3_1)
     8    0.02    0.13    0.67   20.78 v hold590/X (sky130_fd_sc_hd__dlygate4sd3_1)
                                         net900 (net)
                  0.13    0.00   20.78 v hold700/A (sky130_fd_sc_hd__dlygate4sd3_1)
     1    0.00    0.05    0.61   21.39 v hold700/X (sky130_fd_sc_hd__dlygate4sd3_1)
                                         net1010 (net)
                  0.05    0.00   21.39 v _600_/A1 (sky130_fd_sc_hd__a21bo_1)
     2    0.00    0.04    0.18   21.57 v _600_/X (sky130_fd_sc_hd__a21bo_1)
                                         _285_ (net)
                  0.04    0.00   21.57 v hold701/A (sky130_fd_sc_hd__dlygate4sd3_1)
     1    0.00    0.05    0.57   22.14 v hold701/X (sky130_fd_sc_hd__dlygate4sd3_1)
                                         net1011 (net)
                  0.05    0.00   22.14 v _601_/B (sky130_fd_sc_hd__nand2_1)
     1    0.00    0.04    0.06   22.20 ^ _601_/Y (sky130_fd_sc_hd__nand2_1)
                                         _286_ (net)
                  0.04    0.00   22.20 ^ hold1048/A (sky130_fd_sc_hd__dlygate4sd3_1)
     1    0.00    0.05    0.55   22.75 ^ hold1048/X (sky130_fd_sc_hd__dlygate4sd3_1)
                                         net1358 (net)
                  0.05    0.00   22.75 ^ hold702/A (sky130_fd_sc_hd__dlygate4sd3_1)
     1    0.00    0.05    0.55   23.30 ^ hold702/X (sky130_fd_sc_hd__dlygate4sd3_1)
                                         net1012 (net)
                  0.05    0.00   23.30 ^ hold1049/A (sky130_fd_sc_hd__dlygate4sd3_1)
     1    0.00    0.05    0.56   23.86 ^ hold1049/X (sky130_fd_sc_hd__dlygate4sd3_1)
                                         net1359 (net)
                  0.05    0.00   23.86 ^ _605_/A2 (sky130_fd_sc_hd__a31o_1)
     1    0.00    0.04    0.13   23.99 ^ _605_/X (sky130_fd_sc_hd__a31o_1)
                                         _056_ (net)
                  0.04    0.00   23.99 ^ hold703/A (sky130_fd_sc_hd__dlygate4sd3_1)
     1    0.00    0.05    0.55   24.53 ^ hold703/X (sky130_fd_sc_hd__dlygate4sd3_1)
                                         net1013 (net)
                  0.05    0.00   24.53 ^ hold134/A (sky130_fd_sc_hd__dlygate4sd3_1)
     1    0.00    0.04    0.55   25.08 ^ hold134/X (sky130_fd_sc_hd__dlygate4sd3_1)
                                         net444 (net)
                  0.04    0.00   25.08 ^ _694_/D (sky130_fd_sc_hd__dfxtp_4)
                                 25.08   data arrival time

                         30.00   30.00   clock clk (rise edge)
                          4.50   34.50   clock source latency
     2    0.00    0.60    0.00   34.50 ^ wb_clk_i (in)
                                         wb_clk_i (net)
                  0.60    0.00   34.50 ^ _343_/A1 (sky130_fd_sc_hd__mux2_1)
     2    0.01    0.09    0.26   34.76 ^ _343_/X (sky130_fd_sc_hd__mux2_1)
                                         count.clk (net)
                  0.09    0.00   34.76 ^ clkbuf_0_count.clk/A (sky130_fd_sc_hd__clkbuf_16)
    16    0.04    0.06    0.15   34.91 ^ clkbuf_0_count.clk/X (sky130_fd_sc_hd__clkbuf_16)
                                         clknet_0_count.clk (net)
                  0.06    0.00   34.91 ^ clkbuf_3_7_0_count.clk/A (sky130_fd_sc_hd__clkbuf_8)
     8    0.01    0.04    0.12   35.03 ^ clkbuf_3_7_0_count.clk/X (sky130_fd_sc_hd__clkbuf_8)
                                         clknet_3_7_0_count.clk (net)
                  0.04    0.00   35.03 ^ _694_/CLK (sky130_fd_sc_hd__dfxtp_4)
                         -0.25   34.78   clock uncertainty
                          0.00   34.78   clock reconvergence pessimism
                         -0.06   34.72   library setup time
                                 34.72   data required time
-----------------------------------------------------------------------------
                                 34.72   data required time
                                -25.08   data arrival time
-----------------------------------------------------------------------------
                                  9.64   slack (MET)




===========================================================================
report_checks --slack_max -0.01
============================================================================
======================= Typical Corner ===================================

No paths found.


===========================================================================
 report_check_types -max_slew -max_cap -max_fanout -violators
============================================================================
======================= Typical Corner ===================================

max fanout

Pin                                   Limit Fanout  Slack
---------------------------------------------------------
clkbuf_3_6_0_count.clk/X                 10     22    -12 (VIOLATED)
fanout194/X                              10     20    -10 (VIOLATED)
fanout195/X                              10     20    -10 (VIOLATED)
fanout196/X                              10     20    -10 (VIOLATED)
fanout197/X                              10     20    -10 (VIOLATED)
fanout201/X                              10     20    -10 (VIOLATED)
fanout207/X                              10     20    -10 (VIOLATED)
fanout209/X                              10     20    -10 (VIOLATED)
fanout213/X                              10     20    -10 (VIOLATED)
fanout215/X                              10     20    -10 (VIOLATED)
fanout216/X                              10     20    -10 (VIOLATED)
fanout218/X                              10     20    -10 (VIOLATED)
fanout254/X                              10     20    -10 (VIOLATED)
fanout259/X                              10     20    -10 (VIOLATED)
hold146/X                                10     20    -10 (VIOLATED)
hold152/X                                10     20    -10 (VIOLATED)
hold154/X                                10     20    -10 (VIOLATED)
clkbuf_0_count.clk/X                     10     16     -6 (VIOLATED)
clkbuf_3_0_0_count.clk/X                 10     16     -6 (VIOLATED)
fanout202/X                              10     16     -6 (VIOLATED)
fanout217/X                              10     16     -6 (VIOLATED)
_422_/X                                  10     14     -4 (VIOLATED)
clkbuf_3_2_0_count.clk/X                 10     14     -4 (VIOLATED)
clkbuf_3_3_0_count.clk/X                 10     14     -4 (VIOLATED)
clkbuf_3_5_0_count.clk/X                 10     14     -4 (VIOLATED)
hold151/X                                10     14     -4 (VIOLATED)
_685_/Q                                  10     12     -2 (VIOLATED)
_691_/Q                                  10     12     -2 (VIOLATED)
_693_/Q                                  10     12     -2 (VIOLATED)
fanout208/X                              10     12     -2 (VIOLATED)
fanout212/X                              10     12     -2 (VIOLATED)
hold696/X                                10     12     -2 (VIOLATED)
hold939/X                                10     12     -2 (VIOLATED)


max slew violations count Typical: 0
max fanout violations count Typical: 33
max cap violations count Typical: 0

===========================================================================
report_parasitic_annotation -report_unannotated
============================================================================
Found 2013 unannotated drivers.
 io_in[0]
 io_in[10]
 io_in[11]
 io_in[12]
 io_in[13]
 io_in[14]
 io_in[15]
 io_in[16]
 io_in[17]
 io_in[18]
 io_in[19]
 io_in[1]
 io_in[20]
 io_in[21]
 io_in[22]
 io_in[23]
 io_in[24]
 io_in[25]
 io_in[26]
 io_in[27]
 io_in[28]
 io_in[29]
 io_in[2]
 io_in[30]
 io_in[31]
 io_in[32]
 io_in[33]
 io_in[34]
 io_in[35]
 io_in[3]
 io_in[4]
 io_in[5]
 io_in[6]
 io_in[7]
 io_in[8]
 io_in[9]
 la_data_in[0]
 la_data_in[10]
 la_data_in[11]
 la_data_in[12]
 la_data_in[13]
 la_data_in[14]
 la_data_in[15]
 la_data_in[16]
 la_data_in[17]
 la_data_in[18]
 la_data_in[19]
 la_data_in[1]
 la_data_in[20]
 la_data_in[21]
 la_data_in[22]
 la_data_in[23]
 la_data_in[24]
 la_data_in[25]
 la_data_in[26]
 la_data_in[27]
 la_data_in[28]
 la_data_in[29]
 la_data_in[2]
 la_data_in[30]
 la_data_in[31]
 la_data_in[3]
 la_data_in[4]
 la_data_in[5]
 la_data_in[6]
 la_data_in[7]
 la_data_in[8]
 la_data_in[9]
 la_oenb[0]
 la_oenb[10]
 la_oenb[11]
 la_oenb[12]
 la_oenb[13]
 la_oenb[14]
 la_oenb[15]
 la_oenb[16]
 la_oenb[17]
 la_oenb[18]
 la_oenb[19]
 la_oenb[1]
 la_oenb[20]
 la_oenb[21]
 la_oenb[22]
 la_oenb[23]
 la_oenb[24]
 la_oenb[25]
 la_oenb[26]
 la_oenb[27]
 la_oenb[28]
 la_oenb[29]
 la_oenb[2]
 la_oenb[30]
 la_oenb[31]
 la_oenb[3]
 la_oenb[4]
 la_oenb[5]
 la_oenb[6]
 la_oenb[7]
 la_oenb[8]
 la_oenb[9]
 user_clock2
 wb_clk_i
 wb_rst_i
 wbs_adr_i[0]
 wbs_adr_i[10]
 wbs_adr_i[11]
 wbs_adr_i[12]
 wbs_adr_i[13]
 wbs_adr_i[14]
 wbs_adr_i[15]
 wbs_adr_i[16]
 wbs_adr_i[17]
 wbs_adr_i[18]
 wbs_adr_i[19]
 wbs_adr_i[1]
 wbs_adr_i[20]
 wbs_adr_i[21]
 wbs_adr_i[22]
 wbs_adr_i[23]
 wbs_adr_i[24]
 wbs_adr_i[25]
 wbs_adr_i[26]
 wbs_adr_i[27]
 wbs_adr_i[28]
 wbs_adr_i[29]
 wbs_adr_i[2]
 wbs_adr_i[30]
 wbs_adr_i[31]
 wbs_adr_i[3]
 wbs_adr_i[4]
 wbs_adr_i[5]
 wbs_adr_i[6]
 wbs_adr_i[7]
 wbs_adr_i[8]
 wbs_adr_i[9]
 wbs_cyc_i
 wbs_dat_i[0]
 wbs_dat_i[10]
 wbs_dat_i[11]
 wbs_dat_i[12]
 wbs_dat_i[13]
 wbs_dat_i[14]
 wbs_dat_i[15]
 wbs_dat_i[16]
 wbs_dat_i[17]
 wbs_dat_i[18]
 wbs_dat_i[19]
 wbs_dat_i[1]
 wbs_dat_i[20]
 wbs_dat_i[21]
 wbs_dat_i[22]
 wbs_dat_i[23]
 wbs_dat_i[24]
 wbs_dat_i[25]
 wbs_dat_i[26]
 wbs_dat_i[27]
 wbs_dat_i[28]
 wbs_dat_i[29]
 wbs_dat_i[2]
 wbs_dat_i[30]
 wbs_dat_i[31]
 wbs_dat_i[3]
 wbs_dat_i[4]
 wbs_dat_i[5]
 wbs_dat_i[6]
 wbs_dat_i[7]
 wbs_dat_i[8]
 wbs_dat_i[9]
 wbs_sel_i[0]
 wbs_sel_i[1]
 wbs_sel_i[2]
 wbs_sel_i[3]
 wbs_stb_i
 wbs_we_i
 _318_/Y
 _319_/Y
 _320_/Y
 _321_/Y
 _322_/Y
 _323_/Y
 _324_/Y
 _325_/Y
 _326_/Y
 _327_/Y
 _328_/Y
 _329_/Y
 _330_/Y
 _331_/Y
 _332_/Y
 _333_/Y
 _334_/Y
 _335_/Y
 _336_/Y
 _337_/Y
 _338_/Y
 _339_/Y
 _340_/Y
 _341_/Y
 _342_/Y
 _343_/X
 _344_/X
 _345_/Y
 _346_/Y
 _347_/X
 _348_/Y
 _349_/Y
 _350_/X
 _351_/Y
 _352_/Y
 _353_/X
 _354_/X
 _355_/X
 _356_/X
 _357_/X
 _358_/X
 _359_/X
 _360_/X
 _361_/X
 _362_/X
 _363_/X
 _364_/X
 _365_/X
 _366_/X
 _367_/X
 _368_/X
 _369_/X
 _370_/X
 _371_/X
 _372_/X
 _373_/X
 _374_/X
 _375_/X
 _376_/X
 _377_/X
 _378_/X
 _379_/X
 _380_/X
 _381_/X
 _382_/X
 _383_/Y
 _384_/X
 _385_/Y
 _386_/Y
 _387_/Y
 _388_/Y
 _389_/X
 _390_/X
 _391_/X
 _392_/X
 _393_/X
 _394_/X
 _395_/X
 _396_/X
 _397_/X
 _398_/X
 _399_/X
 _400_/X
 _401_/Y
 _402_/X
 _403_/X
 _404_/X
 _405_/X
 _406_/X
 _407_/X
 _408_/Y
 _409_/X
 _410_/Y
 _411_/Y
 _412_/Y
 _413_/X
 _414_/X
 _415_/Y
 _416_/X
 _417_/Y
 _418_/X
 _419_/Y
 _420_/Y
 _421_/X
 _422_/X
 _423_/Y
 _424_/Y
 _425_/Y
 _426_/X
 _427_/Y
 _428_/Y
 _429_/X
 _430_/X
 _431_/Y
 _432_/X
 _433_/Y
 _434_/Y
 _435_/X
 _436_/X
 _437_/X
 _438_/X
 _439_/Y
 _440_/X
 _441_/Y
 _442_/Y
 _443_/X
 _444_/Y
 _445_/X
 _446_/X
 _447_/Y
 _448_/X
 _449_/Y
 _450_/Y
 _451_/X
 _452_/X
 _453_/X
 _454_/Y
 _455_/Y
 _456_/Y
 _457_/X
 _458_/Y
 _459_/X
 _460_/X
 _461_/X
 _462_/X
 _463_/Y
 _464_/Y
 _465_/Y
 _466_/X
 _467_/X
 _468_/Y
 _469_/X
 _470_/X
 _471_/X
 _472_/Y
 _473_/X
 _474_/Y
 _475_/Y
 _476_/X
 _477_/Y
 _478_/Y
 _479_/X
 _480_/Y
 _481_/Y
 _482_/X
 _483_/X
 _484_/X
 _485_/X
 _486_/Y
 _487_/Y
 _488_/Y
 _489_/X
 _490_/Y
 _491_/X
 _492_/X
 _493_/X
 _494_/X
 _495_/Y
 _496_/Y
 _497_/X
 _498_/X
 _499_/X
 _500_/X
 _501_/Y
 _502_/Y
 _503_/Y
 _504_/X
 _505_/Y
 _506_/Y
 _507_/X
 _508_/X
 _509_/Y
 _510_/X
 _511_/Y
 _512_/Y
 _513_/X
 _514_/X
 _515_/X
 _516_/X
 _517_/X
 _518_/Y
 _519_/X
 _520_/Y
 _521_/Y
 _522_/X
 _523_/Y
 _524_/X
 _525_/X
 _526_/X
 _527_/Y
 _528_/X
 _529_/Y
 _530_/Y
 _531_/Y
 _532_/X
 _533_/X
 _534_/X
 _535_/X
 _536_/Y
 _537_/X
 _538_/Y
 _539_/X
 _540_/Y
 _541_/Y
 _542_/X
 _543_/Y
 _544_/X
 _545_/X
 _546_/Y
 _547_/X
 _548_/X
 _549_/Y
 _550_/X
 _551_/X
 _552_/Y
 _553_/X
 _554_/Y
 _555_/X
 _556_/X
 _557_/Y
 _558_/Y
 _559_/X
 _560_/Y
 _561_/X
 _562_/Y
 _563_/X
 _564_/X
 _565_/X
 _566_/X
 _567_/Y
 _568_/X
 _569_/Y
 _570_/X
 _571_/Y
 _572_/Y
 _573_/X
 _574_/Y
 _575_/X
 _576_/X
 _577_/Y
 _578_/X
 _579_/X
 _580_/Y
 _581_/X
 _582_/X
 _583_/X
 _584_/X
 _585_/Y
 _586_/X
 _587_/Y
 _588_/X
 _589_/X
 _590_/Y
 _591_/Y
 _592_/X
 _593_/Y
 _594_/Y
 _595_/X
 _596_/Y
 _597_/X
 _598_/X
 _599_/X
 _600_/X
 _601_/Y
 _602_/X
 _603_/Y
 _604_/Y
 _605_/X
 _606_/X
 _607_/X
 _608_/X
 _609_/Y
 _610_/X
 _611_/X
 _612_/X
 _613_/X
 _614_/X
 _615_/X
 _616_/Y
 _617_/Y
 _618_/X
 _619_/X
 _620_/Y
 _621_/X
 _622_/X
 _623_/Y
 _624_/X
 _625_/Y
 _626_/X
 _627_/Y
 _628_/X
 _629_/Y
 _630_/X
 _631_/X
 _632_/Y
 _633_/Y
 _634_/X
 _635_/Y
 _636_/X
 _637_/Y
 _638_/Q
 _639_/Q
 _640_/Q
 _641_/Q
 _642_/Q
 _643_/Q
 _644_/Q
 _645_/Q
 _646_/Q
 _647_/Q
 _648_/Q
 _649_/Q
 _650_/Q
 _651_/Q
 _652_/Q
 _653_/Q
 _654_/Q
 _655_/Q
 _656_/Q
 _657_/Q
 _658_/Q
 _659_/Q
 _660_/Q
 _661_/Q
 _662_/Q
 _663_/Q
 _664_/Q
 _665_/Q
 _666_/Q
 _667_/Q
 _668_/Q
 _669_/Q
 _670_/Q
 _671_/Q
 _672_/Q
 _673_/Q
 _674_/Q
 _675_/Q
 _676_/Q
 _677_/Q
 _678_/Q
 _679_/Q
 _680_/Q
 _681_/Q
 _682_/Q
 _683_/Q
 _684_/Q
 _685_/Q
 _686_/Q
 _687_/Q
 _688_/Q
 _689_/Q
 _690_/Q
 _691_/Q
 _692_/Q
 _693_/Q
 _694_/Q
 _695_/Q
 _696_/Q
 _697_/Q
 _698_/Q
 _748_/X
 _749_/X
 _750_/X
 _751_/X
 _752_/X
 _753_/X
 _754_/X
 _755_/X
 _756_/X
 _757_/X
 _758_/X
 _759_/X
 _760_/X
 _761_/X
 _762_/X
 _763_/X
 _764_/X
 _765_/X
 _766_/X
 _767_/X
 _768_/X
 _769_/X
 _770_/X
 _771_/X
 _772_/X
 _773_/X
 _774_/X
 _775_/X
 _776_/X
 _777_/X
 clkbuf_0_count.clk/X
 clkbuf_3_0_0_count.clk/X
 clkbuf_3_1_0_count.clk/X
 clkbuf_3_2_0_count.clk/X
 clkbuf_3_3_0_count.clk/X
 clkbuf_3_4_0_count.clk/X
 clkbuf_3_5_0_count.clk/X
 clkbuf_3_6_0_count.clk/X
 clkbuf_3_7_0_count.clk/X
 fanout194/X
 fanout195/X
 fanout196/X
 fanout197/X
 fanout198/X
 fanout199/X
 fanout200/X
 fanout201/X
 fanout202/X
 fanout203/X
 fanout204/X
 fanout205/X
 fanout206/X
 fanout207/X
 fanout208/X
 fanout209/X
 fanout210/X
 fanout211/X
 fanout212/X
 fanout213/X
 fanout214/X
 fanout215/X
 fanout216/X
 fanout217/X
 fanout218/X
 fanout251/X
 fanout252/X
 fanout253/X
 fanout254/X
 fanout255/X
 fanout256/X
 fanout257/X
 fanout258/X
 fanout259/X
 fanout260/X
 fanout261/X
 hold1/X
 hold10/X
 hold100/X
 hold1000/X
 hold1001/X
 hold1002/X
 hold1003/X
 hold1004/X
 hold1006/X
 hold1007/X
 hold101/X
 hold1011/X
 hold1012/X
 hold1013/X
 hold1014/X
 hold1019/X
 hold102/X
 hold1020/X
 hold1021/X
 hold1022/X
 hold1023/X
 hold1024/X
 hold1025/X
 hold1029/X
 hold103/X
 hold1030/X
 hold1031/X
 hold1032/X
 hold1033/X
 hold1034/X
 hold1035/X
 hold1036/X
 hold1037/X
 hold1038/X
 hold104/X
 hold1044/X
 hold1048/X
 hold1049/X
 hold105/X
 hold1050/X
 hold1051/X
 hold1052/X
 hold1053/X
 hold1054/X
 hold106/X
 hold1061/X
 hold1062/X
 hold1065/X
 hold1066/X
 hold107/X
 hold1070/X
 hold1075/X
 hold1076/X
 hold1077/X
 hold108/X
 hold1081/X
 hold1084/X
 hold1085/X
 hold1086/X
 hold1087/X
 hold109/X
 hold1090/X
 hold1091/X
 hold1092/X
 hold1093/X
 hold1096/X
 hold1097/X
 hold1098/X
 hold11/X
 hold110/X
 hold1102/X
 hold1107/X
 hold111/X
 hold1112/X
 hold1114/X
 hold1116/X
 hold1119/X
 hold112/X
 hold1120/X
 hold1121/X
 hold1122/X
 hold1125/X
 hold113/X
 hold114/X
 hold115/X
 hold116/X
 hold117/X
 hold118/X
 hold119/X
 hold12/X
 hold120/X
 hold121/X
 hold122/X
 hold123/X
 hold124/X
 hold125/X
 hold126/X
 hold127/X
 hold128/X
 hold129/X
 hold13/X
 hold130/X
 hold131/X
 hold132/X
 hold133/X
 hold134/X
 hold135/X
 hold136/X
 hold137/X
 hold138/X
 hold139/X
 hold14/X
 hold140/X
 hold141/X
 hold142/X
 hold143/X
 hold144/X
 hold145/X
 hold146/X
 hold147/X
 hold148/X
 hold149/X
 hold15/X
 hold150/X
 hold151/X
 hold152/X
 hold153/X
 hold154/X
 hold155/X
 hold156/X
 hold157/X
 hold158/X
 hold159/X
 hold16/X
 hold160/X
 hold161/X
 hold162/X
 hold163/X
 hold164/X
 hold165/X
 hold166/X
 hold167/X
 hold168/X
 hold169/X
 hold17/X
 hold170/X
 hold171/X
 hold172/X
 hold173/X
 hold174/X
 hold175/X
 hold176/X
 hold177/X
 hold178/X
 hold179/X
 hold18/X
 hold180/X
 hold181/X
 hold182/X
 hold183/X
 hold184/X
 hold185/X
 hold186/X
 hold187/X
 hold188/X
 hold189/X
 hold19/X
 hold190/X
 hold191/X
 hold192/X
 hold193/X
 hold194/X
 hold195/X
 hold196/X
 hold197/X
 hold198/X
 hold199/X
 hold2/X
 hold20/X
 hold200/X
 hold201/X
 hold202/X
 hold203/X
 hold204/X
 hold205/X
 hold206/X
 hold207/X
 hold208/X
 hold209/X
 hold21/X
 hold210/X
 hold211/X
 hold212/X
 hold213/X
 hold214/X
 hold215/X
 hold216/X
 hold217/X
 hold218/X
 hold219/X
 hold22/X
 hold220/X
 hold221/X
 hold222/X
 hold223/X
 hold224/X
 hold225/X
 hold226/X
 hold227/X
 hold228/X
 hold229/X
 hold23/X
 hold230/X
 hold231/X
 hold232/X
 hold233/X
 hold234/X
 hold235/X
 hold236/X
 hold237/X
 hold238/X
 hold239/X
 hold24/X
 hold240/X
 hold241/X
 hold242/X
 hold243/X
 hold244/X
 hold245/X
 hold246/X
 hold247/X
 hold248/X
 hold249/X
 hold25/X
 hold250/X
 hold251/X
 hold252/X
 hold253/X
 hold254/X
 hold255/X
 hold256/X
 hold257/X
 hold258/X
 hold259/X
 hold26/X
 hold260/X
 hold261/X
 hold262/X
 hold263/X
 hold264/X
 hold265/X
 hold266/X
 hold267/X
 hold268/X
 hold269/X
 hold27/X
 hold270/X
 hold271/X
 hold272/X
 hold273/X
 hold274/X
 hold275/X
 hold276/X
 hold277/X
 hold278/X
 hold279/X
 hold28/X
 hold280/X
 hold281/X
 hold282/X
 hold283/X
 hold284/X
 hold285/X
 hold286/X
 hold287/X
 hold288/X
 hold289/X
 hold29/X
 hold290/X
 hold291/X
 hold292/X
 hold293/X
 hold294/X
 hold295/X
 hold296/X
 hold297/X
 hold298/X
 hold299/X
 hold3/X
 hold30/X
 hold300/X
 hold301/X
 hold302/X
 hold303/X
 hold304/X
 hold305/X
 hold306/X
 hold307/X
 hold308/X
 hold309/X
 hold31/X
 hold310/X
 hold311/X
 hold312/X
 hold313/X
 hold314/X
 hold315/X
 hold316/X
 hold317/X
 hold318/X
 hold319/X
 hold32/X
 hold320/X
 hold321/X
 hold322/X
 hold323/X
 hold324/X
 hold325/X
 hold326/X
 hold327/X
 hold328/X
 hold329/X
 hold33/X
 hold330/X
 hold331/X
 hold332/X
 hold333/X
 hold334/X
 hold335/X
 hold336/X
 hold337/X
 hold338/X
 hold339/X
 hold34/X
 hold340/X
 hold341/X
 hold342/X
 hold343/X
 hold344/X
 hold345/X
 hold346/X
 hold347/X
 hold348/X
 hold349/X
 hold35/X
 hold350/X
 hold351/X
 hold352/X
 hold353/X
 hold354/X
 hold355/X
 hold356/X
 hold357/X
 hold358/X
 hold359/X
 hold36/X
 hold360/X
 hold361/X
 hold362/X
 hold363/X
 hold364/X
 hold365/X
 hold366/X
 hold367/X
 hold368/X
 hold369/X
 hold37/X
 hold370/X
 hold371/X
 hold372/X
 hold373/X
 hold374/X
 hold375/X
 hold376/X
 hold377/X
 hold378/X
 hold379/X
 hold38/X
 hold380/X
 hold381/X
 hold382/X
 hold383/X
 hold384/X
 hold385/X
 hold386/X
 hold387/X
 hold388/X
 hold389/X
 hold39/X
 hold390/X
 hold391/X
 hold392/X
 hold393/X
 hold394/X
 hold395/X
 hold396/X
 hold397/X
 hold398/X
 hold399/X
 hold4/X
 hold40/X
 hold400/X
 hold401/X
 hold402/X
 hold403/X
 hold404/X
 hold405/X
 hold406/X
 hold407/X
 hold408/X
 hold409/X
 hold41/X
 hold410/X
 hold411/X
 hold412/X
 hold413/X
 hold414/X
 hold415/X
 hold416/X
 hold417/X
 hold418/X
 hold419/X
 hold42/X
 hold420/X
 hold421/X
 hold422/X
 hold423/X
 hold424/X
 hold425/X
 hold426/X
 hold427/X
 hold428/X
 hold429/X
 hold43/X
 hold430/X
 hold431/X
 hold432/X
 hold433/X
 hold434/X
 hold435/X
 hold436/X
 hold437/X
 hold438/X
 hold439/X
 hold44/X
 hold440/X
 hold441/X
 hold442/X
 hold443/X
 hold444/X
 hold445/X
 hold446/X
 hold447/X
 hold448/X
 hold449/X
 hold45/X
 hold450/X
 hold451/X
 hold452/X
 hold453/X
 hold454/X
 hold455/X
 hold456/X
 hold457/X
 hold458/X
 hold459/X
 hold46/X
 hold460/X
 hold461/X
 hold462/X
 hold463/X
 hold464/X
 hold465/X
 hold466/X
 hold467/X
 hold468/X
 hold469/X
 hold47/X
 hold470/X
 hold471/X
 hold472/X
 hold473/X
 hold474/X
 hold475/X
 hold476/X
 hold477/X
 hold478/X
 hold479/X
 hold48/X
 hold480/X
 hold481/X
 hold482/X
 hold483/X
 hold484/X
 hold485/X
 hold486/X
 hold487/X
 hold488/X
 hold489/X
 hold49/X
 hold490/X
 hold491/X
 hold492/X
 hold493/X
 hold494/X
 hold495/X
 hold496/X
 hold497/X
 hold498/X
 hold499/X
 hold5/X
 hold50/X
 hold500/X
 hold501/X
 hold502/X
 hold503/X
 hold504/X
 hold505/X
 hold506/X
 hold507/X
 hold508/X
 hold509/X
 hold51/X
 hold510/X
 hold511/X
 hold512/X
 hold513/X
 hold514/X
 hold515/X
 hold516/X
 hold517/X
 hold518/X
 hold519/X
 hold52/X
 hold520/X
 hold521/X
 hold522/X
 hold523/X
 hold524/X
 hold525/X
 hold526/X
 hold527/X
 hold528/X
 hold529/X
 hold53/X
 hold530/X
 hold531/X
 hold532/X
 hold533/X
 hold534/X
 hold535/X
 hold536/X
 hold537/X
 hold538/X
 hold539/X
 hold54/X
 hold540/X
 hold541/X
 hold542/X
 hold543/X
 hold544/X
 hold545/X
 hold546/X
 hold547/X
 hold548/X
 hold549/X
 hold55/X
 hold550/X
 hold551/X
 hold552/X
 hold553/X
 hold554/X
 hold555/X
 hold556/X
 hold557/X
 hold558/X
 hold559/X
 hold56/X
 hold560/X
 hold561/X
 hold562/X
 hold563/X
 hold564/X
 hold565/X
 hold566/X
 hold567/X
 hold568/X
 hold569/X
 hold57/X
 hold570/X
 hold571/X
 hold572/X
 hold573/X
 hold574/X
 hold575/X
 hold576/X
 hold577/X
 hold578/X
 hold579/X
 hold58/X
 hold580/X
 hold581/X
 hold582/X
 hold583/X
 hold584/X
 hold585/X
 hold586/X
 hold587/X
 hold588/X
 hold589/X
 hold59/X
 hold590/X
 hold591/X
 hold592/X
 hold593/X
 hold594/X
 hold595/X
 hold596/X
 hold597/X
 hold598/X
 hold599/X
 hold6/X
 hold60/X
 hold600/X
 hold601/X
 hold602/X
 hold603/X
 hold604/X
 hold605/X
 hold606/X
 hold607/X
 hold608/X
 hold609/X
 hold61/X
 hold610/X
 hold611/X
 hold612/X
 hold613/X
 hold614/X
 hold615/X
 hold616/X
 hold617/X
 hold618/X
 hold619/X
 hold62/X
 hold620/X
 hold621/X
 hold622/X
 hold623/X
 hold624/X
 hold625/X
 hold626/X
 hold627/X
 hold628/X
 hold629/X
 hold63/X
 hold630/X
 hold631/X
 hold632/X
 hold633/X
 hold634/X
 hold635/X
 hold636/X
 hold637/X
 hold638/X
 hold639/X
 hold64/X
 hold640/X
 hold641/X
 hold642/X
 hold643/X
 hold644/X
 hold645/X
 hold646/X
 hold647/X
 hold648/X
 hold649/X
 hold65/X
 hold650/X
 hold651/X
 hold652/X
 hold653/X
 hold654/X
 hold655/X
 hold656/X
 hold657/X
 hold658/X
 hold659/X
 hold66/X
 hold660/X
 hold661/X
 hold662/X
 hold663/X
 hold664/X
 hold665/X
 hold666/X
 hold667/X
 hold668/X
 hold669/X
 hold67/X
 hold670/X
 hold671/X
 hold672/X
 hold673/X
 hold674/X
 hold675/X
 hold676/X
 hold677/X
 hold678/X
 hold679/X
 hold68/X
 hold680/X
 hold681/X
 hold682/X
 hold683/X
 hold684/X
 hold685/X
 hold686/X
 hold687/X
 hold688/X
 hold689/X
 hold69/X
 hold690/X
 hold691/X
 hold692/X
 hold693/X
 hold694/X
 hold695/X
 hold696/X
 hold697/X
 hold698/X
 hold699/X
 hold7/X
 hold70/X
 hold700/X
 hold701/X
 hold702/X
 hold703/X
 hold704/X
 hold705/X
 hold706/X
 hold707/X
 hold708/X
 hold709/X
 hold71/X
 hold710/X
 hold711/X
 hold712/X
 hold713/X
 hold714/X
 hold715/X
 hold716/X
 hold717/X
 hold718/X
 hold719/X
 hold72/X
 hold720/X
 hold721/X
 hold722/X
 hold723/X
 hold724/X
 hold725/X
 hold726/X
 hold727/X
 hold728/X
 hold729/X
 hold73/X
 hold730/X
 hold731/X
 hold732/X
 hold733/X
 hold734/X
 hold735/X
 hold736/X
 hold737/X
 hold738/X
 hold739/X
 hold74/X
 hold740/X
 hold741/X
 hold742/X
 hold743/X
 hold744/X
 hold745/X
 hold746/X
 hold747/X
 hold748/X
 hold749/X
 hold75/X
 hold750/X
 hold751/X
 hold752/X
 hold753/X
 hold754/X
 hold755/X
 hold756/X
 hold757/X
 hold758/X
 hold759/X
 hold76/X
 hold760/X
 hold761/X
 hold762/X
 hold763/X
 hold764/X
 hold765/X
 hold766/X
 hold767/X
 hold768/X
 hold769/X
 hold77/X
 hold770/X
 hold771/X
 hold772/X
 hold773/X
 hold774/X
 hold775/X
 hold776/X
 hold777/X
 hold778/X
 hold779/X
 hold78/X
 hold780/X
 hold781/X
 hold782/X
 hold783/X
 hold784/X
 hold785/X
 hold786/X
 hold787/X
 hold788/X
 hold789/X
 hold79/X
 hold790/X
 hold791/X
 hold792/X
 hold793/X
 hold794/X
 hold795/X
 hold796/X
 hold797/X
 hold798/X
 hold799/X
 hold8/X
 hold80/X
 hold800/X
 hold801/X
 hold802/X
 hold803/X
 hold804/X
 hold805/X
 hold806/X
 hold807/X
 hold808/X
 hold809/X
 hold81/X
 hold810/X
 hold811/X
 hold812/X
 hold813/X
 hold814/X
 hold815/X
 hold816/X
 hold817/X
 hold818/X
 hold819/X
 hold82/X
 hold820/X
 hold821/X
 hold822/X
 hold823/X
 hold824/X
 hold825/X
 hold826/X
 hold827/X
 hold828/X
 hold829/X
 hold83/X
 hold830/X
 hold831/X
 hold832/X
 hold833/X
 hold834/X
 hold835/X
 hold836/X
 hold837/X
 hold838/X
 hold839/X
 hold84/X
 hold840/X
 hold841/X
 hold842/X
 hold843/X
 hold844/X
 hold845/X
 hold846/X
 hold847/X
 hold848/X
 hold849/X
 hold85/X
 hold850/X
 hold851/X
 hold852/X
 hold853/X
 hold854/X
 hold855/X
 hold856/X
 hold857/X
 hold858/X
 hold859/X
 hold86/X
 hold860/X
 hold861/X
 hold862/X
 hold863/X
 hold864/X
 hold865/X
 hold866/X
 hold867/X
 hold868/X
 hold869/X
 hold87/X
 hold870/X
 hold871/X
 hold872/X
 hold873/X
 hold874/X
 hold875/X
 hold876/X
 hold877/X
 hold878/X
 hold879/X
 hold88/X
 hold880/X
 hold881/X
 hold882/X
 hold883/X
 hold884/X
 hold885/X
 hold886/X
 hold887/X
 hold888/X
 hold889/X
 hold89/X
 hold890/X
 hold891/X
 hold892/X
 hold893/X
 hold894/X
 hold895/X
 hold896/X
 hold897/X
 hold898/X
 hold899/X
 hold9/X
 hold90/X
 hold900/X
 hold901/X
 hold902/X
 hold904/X
 hold905/X
 hold906/X
 hold907/X
 hold908/X
 hold909/X
 hold91/X
 hold910/X
 hold911/X
 hold912/X
 hold913/X
 hold914/X
 hold915/X
 hold917/X
 hold918/X
 hold919/X
 hold92/X
 hold920/X
 hold921/X
 hold922/X
 hold923/X
 hold924/X
 hold925/X
 hold926/X
 hold927/X
 hold928/X
 hold929/X
 hold93/X
 hold930/X
 hold931/X
 hold932/X
 hold933/X
 hold934/X
 hold935/X
 hold936/X
 hold937/X
 hold938/X
 hold939/X
 hold94/X
 hold940/X
 hold941/X
 hold942/X
 hold943/X
 hold944/X
 hold945/X
 hold946/X
 hold947/X
 hold948/X
 hold949/X
 hold95/X
 hold950/X
 hold951/X
 hold952/X
 hold953/X
 hold954/X
 hold955/X
 hold956/X
 hold957/X
 hold958/X
 hold959/X
 hold96/X
 hold960/X
 hold961/X
 hold962/X
 hold963/X
 hold964/X
 hold965/X
 hold966/X
 hold967/X
 hold968/X
 hold969/X
 hold97/X
 hold970/X
 hold971/X
 hold972/X
 hold973/X
 hold974/X
 hold975/X
 hold976/X
 hold977/X
 hold978/X
 hold98/X
 hold980/X
 hold981/X
 hold982/X
 hold984/X
 hold985/X
 hold986/X
 hold987/X
 hold988/X
 hold99/X
 hold990/X
 hold991/X
 hold992/X
 hold993/X
 hold994/X
 hold995/X
 hold996/X
 hold997/X
 hold998/X
 hold999/X
 input1/X
 input10/X
 input100/X
 input101/X
 input102/X
 input11/X
 input12/X
 input13/X
 input14/X
 input15/X
 input16/X
 input17/X
 input18/X
 input19/X
 input2/X
 input20/X
 input21/X
 input22/X
 input23/X
 input24/X
 input25/X
 input26/X
 input27/X
 input28/X
 input29/X
 input3/X
 input30/X
 input31/X
 input32/X
 input33/X
 input34/X
 input35/X
 input36/X
 input37/X
 input38/X
 input39/X
 input4/X
 input40/X
 input41/X
 input42/X
 input43/X
 input44/X
 input45/X
 input46/X
 input47/X
 input48/X
 input49/X
 input5/X
 input50/X
 input51/X
 input52/X
 input53/X
 input54/X
 input55/X
 input56/X
 input57/X
 input58/X
 input59/X
 input6/X
 input60/X
 input61/X
 input62/X
 input63/X
 input64/X
 input65/X
 input66/X
 input67/X
 input68/X
 input69/X
 input7/X
 input70/X
 input71/X
 input72/X
 input73/X
 input74/X
 input75/X
 input76/X
 input77/X
 input78/X
 input79/X
 input8/X
 input80/X
 input81/X
 input82/X
 input83/X
 input84/X
 input85/X
 input86/X
 input87/X
 input88/X
 input89/X
 input9/X
 input90/X
 input91/X
 input92/X
 input93/X
 input94/X
 input95/X
 input96/X
 input97/X
 input98/X
 input99/X
 max_cap249/X
 max_cap250/X
 output103/X
 output104/X
 output105/X
 output106/X
 output107/X
 output108/X
 output109/X
 output110/X
 output111/X
 output112/X
 output113/X
 output114/X
 output115/X
 output116/X
 output117/X
 output118/X
 output119/X
 output120/X
 output121/X
 output122/X
 output123/X
 output124/X
 output125/X
 output126/X
 output127/X
 output128/X
 output129/X
 output130/X
 output131/X
 output132/X
 output133/X
 output134/X
 output135/X
 output136/X
 output137/X
 output138/X
 output139/X
 output140/X
 output141/X
 output142/X
 output143/X
 output144/X
 output145/X
 output146/X
 output147/X
 output148/X
 output149/X
 output150/X
 output151/X
 output152/X
 output153/X
 output154/X
 output155/X
 output156/X
 output157/X
 output158/X
 output159/X
 output160/X
 output161/X
 output162/X
 output163/X
 output164/X
 output165/X
 output166/X
 output167/X
 output168/X
 output169/X
 output170/X
 output171/X
 output172/X
 output173/X
 output174/X
 output175/X
 output176/X
 output177/X
 output178/X
 output179/X
 output180/X
 output181/X
 output182/X
 output183/X
 output184/X
 output185/X
 output186/X
 output187/X
 output188/X
 output189/X
 output190/X
 output191/X
 output192/X
 output193/X
 user_project_262/HI
 user_project_262/LO
 user_project_263/HI
 user_project_263/LO
 user_project_264/HI
 user_project_264/LO
 user_project_265/HI
 user_project_265/LO
 user_project_266/HI
 user_project_266/LO
 user_project_267/HI
 user_project_267/LO
 user_project_268/HI
 user_project_268/LO
 user_project_269/HI
 user_project_269/LO
 user_project_270/HI
 user_project_270/LO
 user_project_271/HI
 user_project_271/LO
 user_project_272/HI
 user_project_272/LO
 user_project_273/HI
 user_project_273/LO
 user_project_274/HI
 user_project_274/LO
 user_project_275/HI
 user_project_275/LO
 user_project_276/HI
 user_project_276/LO
 user_project_277/HI
 user_project_277/LO
 user_project_278/HI
 user_project_278/LO
 user_project_279/HI
 user_project_279/LO
 user_project_280/HI
 user_project_280/LO
 user_project_281/HI
 user_project_281/LO
 user_project_282/HI
 user_project_282/LO
 user_project_283/HI
 user_project_283/LO
 user_project_284/HI
 user_project_284/LO
 user_project_285/HI
 user_project_285/LO
 user_project_286/HI
 user_project_286/LO
 user_project_287/HI
 user_project_287/LO
 user_project_288/HI
 user_project_288/LO
 user_project_289/HI
 user_project_289/LO
 user_project_290/HI
 user_project_290/LO
 user_project_291/HI
 user_project_291/LO
 user_project_292/HI
 user_project_292/LO
 user_project_293/HI
 user_project_293/LO
 user_project_294/HI
 user_project_294/LO
 user_project_295/HI
 user_project_295/LO
 user_project_296/HI
 user_project_296/LO
 user_project_297/HI
 user_project_297/LO
 user_project_298/HI
 user_project_298/LO
 user_project_299/HI
 user_project_299/LO
 user_project_300/HI
 user_project_300/LO
 user_project_301/HI
 user_project_301/LO
 user_project_302/HI
 user_project_302/LO
 user_project_303/HI
 user_project_303/LO
 user_project_304/HI
 user_project_304/LO
 user_project_305/HI
 user_project_305/LO
 user_project_306/HI
 user_project_306/LO
 user_project_307/HI
 user_project_307/LO
 user_project_308/HI
 user_project_308/LO
 user_project_309/HI
 user_project_309/LO
 user_project_310/HI
 user_project_310/LO
 wire219/X
 wire220/X
 wire221/X
 wire222/X
 wire223/X
 wire224/X
 wire225/X
 wire226/X
 wire227/X
 wire228/X
 wire229/X
 wire230/X
 wire231/X
 wire232/X
 wire233/X
 wire234/X
 wire235/X
 wire236/X
 wire237/X
 wire238/X
 wire239/X
 wire240/X
 wire241/X
 wire242/X
 wire243/X
 wire244/X
 wire245/X
 wire246/X
 wire247/X
 wire248/X
Found 0 partially unannotated drivers.

===========================================================================
max slew violation count 0
max fanout violation count 33
max cap violation count 0
============================================================================

===========================================================================
check_setup -verbose -unconstrained_endpoints -multiple_clock -no_clock -no_input_delay -loops -generated_clocks
===========================================================================
Warning: There are 37 input ports missing set_input_delay.
  io_in[0]
  io_in[10]
  io_in[11]
  io_in[12]
  io_in[13]
  io_in[14]
  io_in[15]
  io_in[16]
  io_in[17]
  io_in[18]
  io_in[19]
  io_in[1]
  io_in[20]
  io_in[21]
  io_in[22]
  io_in[23]
  io_in[24]
  io_in[25]
  io_in[26]
  io_in[27]
  io_in[28]
  io_in[29]
  io_in[2]
  io_in[30]
  io_in[31]
  io_in[32]
  io_in[33]
  io_in[34]
  io_in[35]
  io_in[3]
  io_in[4]
  io_in[5]
  io_in[6]
  io_in[7]
  io_in[8]
  io_in[9]
  user_clock2
Warning: There are 109 unconstrained endpoints.
  io_oeb[0]
  io_oeb[10]
  io_oeb[11]
  io_oeb[12]
  io_oeb[13]
  io_oeb[14]
  io_oeb[15]
  io_oeb[16]
  io_oeb[17]
  io_oeb[18]
  io_oeb[19]
  io_oeb[1]
  io_oeb[20]
  io_oeb[21]
  io_oeb[22]
  io_oeb[23]
  io_oeb[24]
  io_oeb[25]
  io_oeb[26]
  io_oeb[27]
  io_oeb[28]
  io_oeb[29]
  io_oeb[2]
  io_oeb[30]
  io_oeb[31]
  io_oeb[32]
  io_oeb[33]
  io_oeb[34]
  io_oeb[35]
  io_oeb[3]
  io_oeb[4]
  io_oeb[5]
  io_oeb[6]
  io_oeb[7]
  io_oeb[8]
  io_oeb[9]
  io_out[0]
  io_out[10]
  io_out[11]
  io_out[12]
  io_out[13]
  io_out[14]
  io_out[15]
  io_out[16]
  io_out[17]
  io_out[18]
  io_out[19]
  io_out[1]
  io_out[20]
  io_out[21]
  io_out[22]
  io_out[23]
  io_out[24]
  io_out[25]
  io_out[26]
  io_out[27]
  io_out[28]
  io_out[29]
  io_out[2]
  io_out[30]
  io_out[31]
  io_out[32]
  io_out[33]
  io_out[34]
  io_out[35]
  io_out[3]
  io_out[4]
  io_out[5]
  io_out[6]
  io_out[7]
  io_out[8]
  io_out[9]
  la_data_out[0]
  la_data_out[10]
  la_data_out[11]
  la_data_out[12]
  la_data_out[13]
  la_data_out[14]
  la_data_out[15]
  la_data_out[16]
  la_data_out[17]
  la_data_out[18]
  la_data_out[19]
  la_data_out[1]
  la_data_out[20]
  la_data_out[21]
  la_data_out[22]
  la_data_out[23]
  la_data_out[24]
  la_data_out[25]
  la_data_out[26]
  la_data_out[27]
  la_data_out[28]
  la_data_out[29]
  la_data_out[2]
  la_data_out[30]
  la_data_out[31]
  la_data_out[3]
  la_data_out[4]
  la_data_out[5]
  la_data_out[6]
  la_data_out[7]
  la_data_out[8]
  la_data_out[9]
  user_irq[0]
  user_irq[1]
  user_irq[2]
  wbs_dat_o[30]
  wbs_dat_o[31]
