
===========================================================================
 report_power
============================================================================
======================= Fastest Corner ===================================

Group                  Internal  Switching    Leakage      Total
                          Power      Power      Power      Power (Watts)
----------------------------------------------------------------
Sequential             5.21e-05   2.44e-05   1.33e-09   7.65e-05  10.5%
Combinational          2.60e-04   3.47e-04   3.94e-08   6.08e-04  83.2%
Clock                  1.51e-05   3.08e-05   9.96e-08   4.59e-05   6.3%
Macro                  0.00e+00   0.00e+00   0.00e+00   0.00e+00   0.0%
Pad                    0.00e+00   0.00e+00   0.00e+00   0.00e+00   0.0%
----------------------------------------------------------------
Total                  3.28e-04   4.03e-04   1.40e-07   7.30e-04 100.0%
                          44.9%      55.1%       0.0%

======================= Slowest Corner ===================================

Group                  Internal  Switching    Leakage      Total
                          Power      Power      Power      Power (Watts)
----------------------------------------------------------------
Sequential             3.55e-05   1.64e-05   9.33e-07   5.28e-05  10.4%
Combinational          1.79e-04   2.33e-04   1.10e-05   4.23e-04  83.4%
Clock                  1.07e-05   2.06e-05   2.11e-07   3.15e-05   6.2%
Macro                  0.00e+00   0.00e+00   0.00e+00   0.00e+00   0.0%
Pad                    0.00e+00   0.00e+00   0.00e+00   0.00e+00   0.0%
----------------------------------------------------------------
Total                  2.26e-04   2.70e-04   1.22e-05   5.07e-04 100.0%
                          44.5%      53.1%       2.4%

======================= Typical Corner ===================================

Group                  Internal  Switching    Leakage      Total
                          Power      Power      Power      Power (Watts)
----------------------------------------------------------------
Sequential             4.51e-05   2.07e-05   5.21e-10   6.59e-05  10.5%
Combinational          2.24e-04   2.95e-04   8.41e-09   5.19e-04  83.1%
Clock                  1.32e-05   2.62e-05   9.94e-08   3.95e-05   6.3%
Macro                  0.00e+00   0.00e+00   0.00e+00   0.00e+00   0.0%
Pad                    0.00e+00   0.00e+00   0.00e+00   0.00e+00   0.0%
----------------------------------------------------------------
Total                  2.82e-04   3.42e-04   1.08e-07   6.25e-04 100.0%
                          45.2%      54.8%       0.0%

