
===========================================================================
report_checks -unconstrained
===========================================================================
======================= Typical Corner ===================================

Startpoint: _668_ (rising edge-triggered flip-flop clocked by clk)
Endpoint: wbs_ack_o (output port clocked by clk)
Path Group: clk
Path Type: max

Fanout     Cap    Slew   Delay    Time   Description
-----------------------------------------------------------------------------
                          0.00    0.00   clock clk (rise edge)
                          6.00    6.00   clock source latency
     1    0.01    0.60    0.00    6.00 ^ wb_clk_i (in)
                                         wb_clk_i (net)
                  0.60    0.00    6.00 ^ _343_/A1 (sky130_fd_sc_hd__mux2_1)
    61    0.21    1.84    1.51    7.51 ^ _343_/X (sky130_fd_sc_hd__mux2_1)
                                         count.clk (net)
                  1.84    0.04    7.56 ^ _668_/CLK (sky130_fd_sc_hd__dfxtp_2)
     3    0.04    0.19    0.74    8.29 ^ _668_/Q (sky130_fd_sc_hd__dfxtp_2)
                                         net163 (net)
                  0.19    0.00    8.30 ^ output163/A (sky130_fd_sc_hd__buf_12)
     1    0.14    0.17    0.24    8.54 ^ output163/X (sky130_fd_sc_hd__buf_12)
                                         wbs_ack_o (net)
                  0.17    0.00    8.54 ^ wbs_ack_o (out)
                                  8.54   data arrival time

                         30.00   30.00   clock clk (rise edge)
                          4.50   34.50   clock network delay (propagated)
                         -0.25   34.25   clock uncertainty
                          0.00   34.25   clock reconvergence pessimism
                        -10.00   24.25   output external delay
                                 24.25   data required time
-----------------------------------------------------------------------------
                                 24.25   data required time
                                 -8.54   data arrival time
-----------------------------------------------------------------------------
                                 15.71   slack (MET)




===========================================================================
report_checks --slack_max -0.01
============================================================================
======================= Typical Corner ===================================

No paths found.


===========================================================================
 report_check_types -max_slew -max_cap -max_fanout -violators
============================================================================
======================= Typical Corner ===================================

max slew

Pin                                    Limit    Slew   Slack
------------------------------------------------------------
_667_/CLK                               0.75    1.84   -1.09 (VIOLATED)
_666_/CLK                               0.75    1.84   -1.09 (VIOLATED)
_665_/CLK                               0.75    1.84   -1.09 (VIOLATED)
_664_/CLK                               0.75    1.84   -1.09 (VIOLATED)
_663_/CLK                               0.75    1.84   -1.09 (VIOLATED)
_662_/CLK                               0.75    1.84   -1.09 (VIOLATED)
_661_/CLK                               0.75    1.84   -1.09 (VIOLATED)
_660_/CLK                               0.75    1.84   -1.09 (VIOLATED)
_659_/CLK                               0.75    1.84   -1.09 (VIOLATED)
_658_/CLK                               0.75    1.84   -1.09 (VIOLATED)
_696_/CLK                               0.75    1.84   -1.09 (VIOLATED)
_697_/CLK                               0.75    1.84   -1.09 (VIOLATED)
_698_/CLK                               0.75    1.84   -1.09 (VIOLATED)
_690_/CLK                               0.75    1.84   -1.09 (VIOLATED)
_693_/CLK                               0.75    1.84   -1.09 (VIOLATED)
_689_/CLK                               0.75    1.84   -1.09 (VIOLATED)
_657_/CLK                               0.75    1.84   -1.09 (VIOLATED)
_691_/CLK                               0.75    1.84   -1.09 (VIOLATED)
_692_/CLK                               0.75    1.84   -1.09 (VIOLATED)
_688_/CLK                               0.75    1.84   -1.09 (VIOLATED)
_656_/CLK                               0.75    1.84   -1.09 (VIOLATED)
_687_/CLK                               0.75    1.84   -1.09 (VIOLATED)
_694_/CLK                               0.75    1.84   -1.09 (VIOLATED)
_695_/CLK                               0.75    1.84   -1.09 (VIOLATED)
_686_/CLK                               0.75    1.84   -1.09 (VIOLATED)
_655_/CLK                               0.75    1.84   -1.09 (VIOLATED)
_685_/CLK                               0.75    1.84   -1.09 (VIOLATED)
_654_/CLK                               0.75    1.84   -1.09 (VIOLATED)
_684_/CLK                               0.75    1.84   -1.09 (VIOLATED)
_653_/CLK                               0.75    1.84   -1.09 (VIOLATED)
_652_/CLK                               0.75    1.84   -1.09 (VIOLATED)
_683_/CLK                               0.75    1.84   -1.09 (VIOLATED)
_682_/CLK                               0.75    1.84   -1.09 (VIOLATED)
_651_/CLK                               0.75    1.84   -1.09 (VIOLATED)
_681_/CLK                               0.75    1.84   -1.09 (VIOLATED)
_650_/CLK                               0.75    1.84   -1.09 (VIOLATED)
_680_/CLK                               0.75    1.84   -1.09 (VIOLATED)
_649_/CLK                               0.75    1.84   -1.09 (VIOLATED)
_679_/CLK                               0.75    1.84   -1.09 (VIOLATED)
_648_/CLK                               0.75    1.84   -1.09 (VIOLATED)
_678_/CLK                               0.75    1.84   -1.09 (VIOLATED)
_647_/CLK                               0.75    1.84   -1.09 (VIOLATED)
_677_/CLK                               0.75    1.84   -1.09 (VIOLATED)
_646_/CLK                               0.75    1.84   -1.09 (VIOLATED)
_645_/CLK                               0.75    1.84   -1.09 (VIOLATED)
_676_/CLK                               0.75    1.84   -1.09 (VIOLATED)
_644_/CLK                               0.75    1.84   -1.09 (VIOLATED)
_643_/CLK                               0.75    1.84   -1.09 (VIOLATED)
_675_/CLK                               0.75    1.84   -1.09 (VIOLATED)
_674_/CLK                               0.75    1.84   -1.09 (VIOLATED)
_673_/CLK                               0.75    1.84   -1.09 (VIOLATED)
_670_/CLK                               0.75    1.84   -1.09 (VIOLATED)
_671_/CLK                               0.75    1.84   -1.09 (VIOLATED)
_672_/CLK                               0.75    1.84   -1.09 (VIOLATED)
_642_/CLK                               0.75    1.84   -1.09 (VIOLATED)
_668_/CLK                               0.75    1.84   -1.09 (VIOLATED)
_669_/CLK                               0.75    1.84   -1.09 (VIOLATED)
_641_/CLK                               0.75    1.84   -1.09 (VIOLATED)
_640_/CLK                               0.75    1.84   -1.09 (VIOLATED)
_639_/CLK                               0.75    1.84   -1.09 (VIOLATED)
_638_/CLK                               0.75    1.84   -1.09 (VIOLATED)
_343_/X                                 0.75    1.84   -1.09 (VIOLATED)

max fanout

Pin                                   Limit Fanout  Slack
---------------------------------------------------------
_343_/X                                  10     61    -51 (VIOLATED)

max capacitance

Pin                                    Limit     Cap   Slack
------------------------------------------------------------
_343_/X                                 0.17    0.21   -0.04 (VIOLATED)


max slew violations count Typical: 62
max fanout violations count Typical: 1
max cap violations count Typical: 1

===========================================================================
report_parasitic_annotation -report_unannotated
============================================================================
Found 120 unannotated drivers.
 io_in[0]
 io_in[10]
 io_in[11]
 io_in[12]
 io_in[13]
 io_in[14]
 io_in[15]
 io_in[16]
 io_in[17]
 io_in[18]
 io_in[19]
 io_in[1]
 io_in[20]
 io_in[21]
 io_in[22]
 io_in[23]
 io_in[24]
 io_in[25]
 io_in[26]
 io_in[27]
 io_in[28]
 io_in[29]
 io_in[2]
 io_in[30]
 io_in[31]
 io_in[32]
 io_in[33]
 io_in[34]
 io_in[35]
 io_in[3]
 io_in[4]
 io_in[5]
 io_in[6]
 io_in[7]
 io_in[8]
 io_in[9]
 user_clock2
 wbs_adr_i[0]
 wbs_adr_i[10]
 wbs_adr_i[11]
 wbs_adr_i[12]
 wbs_adr_i[13]
 wbs_adr_i[14]
 wbs_adr_i[15]
 wbs_adr_i[16]
 wbs_adr_i[17]
 wbs_adr_i[18]
 wbs_adr_i[19]
 wbs_adr_i[1]
 wbs_adr_i[20]
 wbs_adr_i[21]
 wbs_adr_i[22]
 wbs_adr_i[23]
 wbs_adr_i[24]
 wbs_adr_i[25]
 wbs_adr_i[26]
 wbs_adr_i[27]
 wbs_adr_i[28]
 wbs_adr_i[29]
 wbs_adr_i[2]
 wbs_adr_i[30]
 wbs_adr_i[31]
 wbs_adr_i[3]
 wbs_adr_i[4]
 wbs_adr_i[5]
 wbs_adr_i[6]
 wbs_adr_i[7]
 wbs_adr_i[8]
 wbs_adr_i[9]
 wbs_dat_i[30]
 wbs_dat_i[31]
 user_project_262/HI
 user_project_263/HI
 user_project_264/HI
 user_project_265/HI
 user_project_266/HI
 user_project_267/HI
 user_project_268/HI
 user_project_269/HI
 user_project_270/HI
 user_project_271/HI
 user_project_272/HI
 user_project_273/HI
 user_project_274/HI
 user_project_275/HI
 user_project_276/HI
 user_project_277/HI
 user_project_278/HI
 user_project_279/HI
 user_project_280/HI
 user_project_281/HI
 user_project_282/HI
 user_project_283/HI
 user_project_284/HI
 user_project_285/HI
 user_project_286/HI
 user_project_287/HI
 user_project_288/HI
 user_project_289/HI
 user_project_290/HI
 user_project_291/HI
 user_project_292/HI
 user_project_293/HI
 user_project_294/HI
 user_project_295/HI
 user_project_296/HI
 user_project_297/HI
 user_project_298/HI
 user_project_299/HI
 user_project_300/HI
 user_project_301/HI
 user_project_302/HI
 user_project_303/HI
 user_project_304/HI
 user_project_305/HI
 user_project_306/HI
 user_project_307/LO
 user_project_308/LO
 user_project_309/LO
 user_project_310/LO
Found 0 partially unannotated drivers.

===========================================================================
max slew violation count 62
max fanout violation count 1
max cap violation count 1
============================================================================

===========================================================================
check_setup -verbose -unconstrained_endpoints -multiple_clock -no_clock -no_input_delay -loops -generated_clocks
===========================================================================
Warning: There are 37 input ports missing set_input_delay.
  io_in[0]
  io_in[10]
  io_in[11]
  io_in[12]
  io_in[13]
  io_in[14]
  io_in[15]
  io_in[16]
  io_in[17]
  io_in[18]
  io_in[19]
  io_in[1]
  io_in[20]
  io_in[21]
  io_in[22]
  io_in[23]
  io_in[24]
  io_in[25]
  io_in[26]
  io_in[27]
  io_in[28]
  io_in[29]
  io_in[2]
  io_in[30]
  io_in[31]
  io_in[32]
  io_in[33]
  io_in[34]
  io_in[35]
  io_in[3]
  io_in[4]
  io_in[5]
  io_in[6]
  io_in[7]
  io_in[8]
  io_in[9]
  user_clock2
Warning: There are 109 unconstrained endpoints.
  io_oeb[0]
  io_oeb[10]
  io_oeb[11]
  io_oeb[12]
  io_oeb[13]
  io_oeb[14]
  io_oeb[15]
  io_oeb[16]
  io_oeb[17]
  io_oeb[18]
  io_oeb[19]
  io_oeb[1]
  io_oeb[20]
  io_oeb[21]
  io_oeb[22]
  io_oeb[23]
  io_oeb[24]
  io_oeb[25]
  io_oeb[26]
  io_oeb[27]
  io_oeb[28]
  io_oeb[29]
  io_oeb[2]
  io_oeb[30]
  io_oeb[31]
  io_oeb[32]
  io_oeb[33]
  io_oeb[34]
  io_oeb[35]
  io_oeb[3]
  io_oeb[4]
  io_oeb[5]
  io_oeb[6]
  io_oeb[7]
  io_oeb[8]
  io_oeb[9]
  io_out[0]
  io_out[10]
  io_out[11]
  io_out[12]
  io_out[13]
  io_out[14]
  io_out[15]
  io_out[16]
  io_out[17]
  io_out[18]
  io_out[19]
  io_out[1]
  io_out[20]
  io_out[21]
  io_out[22]
  io_out[23]
  io_out[24]
  io_out[25]
  io_out[26]
  io_out[27]
  io_out[28]
  io_out[29]
  io_out[2]
  io_out[30]
  io_out[31]
  io_out[32]
  io_out[33]
  io_out[34]
  io_out[35]
  io_out[3]
  io_out[4]
  io_out[5]
  io_out[6]
  io_out[7]
  io_out[8]
  io_out[9]
  la_data_out[0]
  la_data_out[10]
  la_data_out[11]
  la_data_out[12]
  la_data_out[13]
  la_data_out[14]
  la_data_out[15]
  la_data_out[16]
  la_data_out[17]
  la_data_out[18]
  la_data_out[19]
  la_data_out[1]
  la_data_out[20]
  la_data_out[21]
  la_data_out[22]
  la_data_out[23]
  la_data_out[24]
  la_data_out[25]
  la_data_out[26]
  la_data_out[27]
  la_data_out[28]
  la_data_out[29]
  la_data_out[2]
  la_data_out[30]
  la_data_out[31]
  la_data_out[3]
  la_data_out[4]
  la_data_out[5]
  la_data_out[6]
  la_data_out[7]
  la_data_out[8]
  la_data_out[9]
  user_irq[0]
  user_irq[1]
  user_irq[2]
  wbs_dat_o[30]
  wbs_dat_o[31]
