
===========================================================================
report_checks -unconstrained
===========================================================================
======================= Typical Corner ===================================

Startpoint: _668_ (rising edge-triggered flip-flop clocked by clk)
Endpoint: wbs_ack_o (output port clocked by clk)
Path Group: clk
Path Type: max

Fanout     Cap    Slew   Delay    Time   Description
-----------------------------------------------------------------------------
                          0.00    0.00   clock clk (rise edge)
                          6.00    6.00   clock source latency
     1    0.01    0.60    0.00    6.00 ^ wb_clk_i (in)
                                         wb_clk_i (net)
                  0.60    0.00    6.00 ^ _343_/A1 (sky130_fd_sc_hd__mux2_1)
    61    0.21    1.84    1.52    7.52 ^ _343_/X (sky130_fd_sc_hd__mux2_1)
                                         count.clk (net)
                  1.84    0.04    7.56 ^ _668_/CLK (sky130_fd_sc_hd__dfxtp_2)
     3    0.16    0.81    1.17    8.74 ^ _668_/Q (sky130_fd_sc_hd__dfxtp_2)
                                         wbs_ack_o (net)
                  0.81    0.03    8.76 ^ wbs_ack_o (out)
                                  8.76   data arrival time

                         30.00   30.00   clock clk (rise edge)
                          4.50   34.50   clock network delay (propagated)
                         -0.25   34.25   clock uncertainty
                          0.00   34.25   clock reconvergence pessimism
                        -10.00   24.25   output external delay
                                 24.25   data required time
-----------------------------------------------------------------------------
                                 24.25   data required time
                                 -8.76   data arrival time
-----------------------------------------------------------------------------
                                 15.49   slack (MET)




===========================================================================
report_checks --slack_max -0.01
============================================================================
======================= Typical Corner ===================================

No paths found.


===========================================================================
 report_check_types -max_slew -max_cap -max_fanout -violators
============================================================================
======================= Typical Corner ===================================

max slew

Pin                                    Limit    Slew   Slack
------------------------------------------------------------
_777_/A                                 0.75    2.20   -1.45 (VIOLATED)
_776_/A                                 0.75    2.20   -1.45 (VIOLATED)
_775_/A                                 0.75    2.20   -1.45 (VIOLATED)
_774_/A                                 0.75    2.20   -1.45 (VIOLATED)
_773_/A                                 0.75    2.19   -1.44 (VIOLATED)
_772_/A                                 0.75    2.19   -1.44 (VIOLATED)
_771_/A                                 0.75    2.19   -1.44 (VIOLATED)
_770_/A                                 0.75    2.18   -1.43 (VIOLATED)
_769_/A                                 0.75    2.18   -1.43 (VIOLATED)
_768_/A                                 0.75    2.17   -1.42 (VIOLATED)
_767_/A                                 0.75    2.16   -1.41 (VIOLATED)
_766_/A                                 0.75    2.14   -1.39 (VIOLATED)
_765_/A                                 0.75    2.13   -1.38 (VIOLATED)
_764_/A                                 0.75    2.11   -1.36 (VIOLATED)
_763_/A                                 0.75    2.10   -1.35 (VIOLATED)
_762_/A                                 0.75    2.08   -1.33 (VIOLATED)
_761_/A                                 0.75    2.08   -1.33 (VIOLATED)
_760_/A                                 0.75    2.07   -1.32 (VIOLATED)
_759_/A                                 0.75    2.06   -1.31 (VIOLATED)
_758_/A                                 0.75    2.05   -1.30 (VIOLATED)
_757_/A                                 0.75    2.04   -1.29 (VIOLATED)
_756_/A                                 0.75    2.03   -1.28 (VIOLATED)
_755_/A                                 0.75    2.02   -1.27 (VIOLATED)
_754_/A                                 0.75    2.02   -1.27 (VIOLATED)
_753_/A                                 0.75    2.01   -1.26 (VIOLATED)
_752_/A                                 0.75    2.00   -1.25 (VIOLATED)
_751_/A                                 0.75    1.99   -1.24 (VIOLATED)
_750_/A                                 0.75    1.98   -1.23 (VIOLATED)
_409_/B1                                0.75    1.97   -1.22 (VIOLATED)
_404_/B1                                0.75    1.97   -1.22 (VIOLATED)
_408_/A                                 0.75    1.97   -1.22 (VIOLATED)
_401_/B                                 0.75    1.97   -1.22 (VIOLATED)
_402_/A2                                0.75    1.97   -1.22 (VIOLATED)
_418_/B1                                0.75    1.97   -1.22 (VIOLATED)
_415_/A3                                0.75    1.97   -1.22 (VIOLATED)
_417_/A                                 0.75    1.97   -1.22 (VIOLATED)
_425_/A                                 0.75    1.97   -1.22 (VIOLATED)
_414_/D                                 0.75    1.97   -1.22 (VIOLATED)
_431_/A                                 0.75    1.97   -1.22 (VIOLATED)
_423_/A                                 0.75    1.97   -1.22 (VIOLATED)
_439_/A                                 0.75    1.97   -1.22 (VIOLATED)
_436_/A2                                0.75    1.97   -1.22 (VIOLATED)
_438_/A1                                0.75    1.97   -1.22 (VIOLATED)
_444_/A1                                0.75    1.97   -1.22 (VIOLATED)
_445_/B                                 0.75    1.97   -1.22 (VIOLATED)
_447_/A                                 0.75    1.97   -1.22 (VIOLATED)
_456_/A                                 0.75    1.97   -1.22 (VIOLATED)
_463_/A1                                0.75    1.97   -1.22 (VIOLATED)
_454_/A                                 0.75    1.97   -1.22 (VIOLATED)
_472_/A                                 0.75    1.97   -1.22 (VIOLATED)
_468_/A2                                0.75    1.97   -1.22 (VIOLATED)
_478_/A                                 0.75    1.97   -1.22 (VIOLATED)
_488_/A                                 0.75    1.97   -1.22 (VIOLATED)
_470_/A                                 0.75    1.97   -1.22 (VIOLATED)
_483_/A2                                0.75    1.97   -1.22 (VIOLATED)
_495_/A1                                0.75    1.97   -1.22 (VIOLATED)
_486_/A                                 0.75    1.97   -1.22 (VIOLATED)
_503_/A                                 0.75    1.97   -1.22 (VIOLATED)
_499_/A2                                0.75    1.97   -1.22 (VIOLATED)
_509_/A                                 0.75    1.97   -1.22 (VIOLATED)
_501_/A                                 0.75    1.97   -1.22 (VIOLATED)
_514_/A2                                0.75    1.97   -1.22 (VIOLATED)
_521_/A                                 0.75    1.97   -1.22 (VIOLATED)
_518_/A                                 0.75    1.97   -1.22 (VIOLATED)
_527_/A                                 0.75    1.97   -1.22 (VIOLATED)
_537_/A1                                0.75    1.97   -1.22 (VIOLATED)
_533_/A2                                0.75    1.97   -1.22 (VIOLATED)
_535_/A1                                0.75    1.97   -1.22 (VIOLATED)
_542_/B                                 0.75    1.97   -1.22 (VIOLATED)
_541_/A1                                0.75    1.97   -1.22 (VIOLATED)
_543_/B1                                0.75    1.97   -1.22 (VIOLATED)
_552_/B1                                0.75    1.97   -1.22 (VIOLATED)
_585_/B1                                0.75    1.97   -1.22 (VIOLATED)
_584_/A                                 0.75    1.97   -1.22 (VIOLATED)
_559_/A1                                0.75    1.97   -1.22 (VIOLATED)
_592_/A1                                0.75    1.97   -1.22 (VIOLATED)
_568_/A1                                0.75    1.97   -1.22 (VIOLATED)
_426_/B1                                0.75    1.97   -1.22 (VIOLATED)
_432_/B1                                0.75    1.97   -1.22 (VIOLATED)
_440_/B1                                0.75    1.97   -1.22 (VIOLATED)
_473_/B1                                0.75    1.97   -1.22 (VIOLATED)
_479_/B1                                0.75    1.97   -1.22 (VIOLATED)
_448_/B1                                0.75    1.97   -1.22 (VIOLATED)
_494_/B1                                0.75    1.97   -1.22 (VIOLATED)
_457_/B1                                0.75    1.97   -1.22 (VIOLATED)
_504_/B1                                0.75    1.97   -1.22 (VIOLATED)
_510_/B1                                0.75    1.97   -1.22 (VIOLATED)
_462_/B1                                0.75    1.97   -1.22 (VIOLATED)
_522_/B1                                0.75    1.97   -1.22 (VIOLATED)
_528_/B1                                0.75    1.97   -1.22 (VIOLATED)
_573_/B                                 0.75    1.97   -1.22 (VIOLATED)
_574_/B1                                0.75    1.97   -1.22 (VIOLATED)
_601_/A                                 0.75    1.97   -1.22 (VIOLATED)
_609_/A                                 0.75    1.97   -1.22 (VIOLATED)
_610_/B1_N                              0.75    1.97   -1.22 (VIOLATED)
_599_/A2                                0.75    1.97   -1.22 (VIOLATED)
_631_/B                                 0.75    1.97   -1.22 (VIOLATED)
_575_/B1                                0.75    1.97   -1.22 (VIOLATED)
_553_/B1                                0.75    1.97   -1.22 (VIOLATED)
_586_/B1                                0.75    1.97   -1.22 (VIOLATED)
_634_/A1                                0.75    1.97   -1.22 (VIOLATED)
_489_/B1                                0.75    1.97   -1.22 (VIOLATED)
_558_/B1                                0.75    1.97   -1.22 (VIOLATED)
_567_/B1                                0.75    1.97   -1.22 (VIOLATED)
_626_/A1                                0.75    1.97   -1.22 (VIOLATED)
_591_/B1                                0.75    1.97   -1.22 (VIOLATED)
_619_/S                                 0.75    1.97   -1.22 (VIOLATED)
_602_/B1                                0.75    1.97   -1.22 (VIOLATED)
_544_/B1                                0.75    1.97   -1.22 (VIOLATED)
_611_/B1                                0.75    1.97   -1.22 (VIOLATED)
_633_/B1                                0.75    1.97   -1.22 (VIOLATED)
_536_/B1                                0.75    1.97   -1.22 (VIOLATED)
_625_/B1                                0.75    1.97   -1.22 (VIOLATED)
_400_/X                                 0.75    1.97   -1.22 (VIOLATED)
_749_/A                                 0.75    1.97   -1.22 (VIOLATED)
_748_/A                                 0.75    1.96   -1.21 (VIOLATED)
io_out[14]                              0.75    1.85   -1.10 (VIOLATED)
_666_/CLK                               0.75    1.85   -1.10 (VIOLATED)
_667_/CLK                               0.75    1.85   -1.10 (VIOLATED)
_665_/CLK                               0.75    1.85   -1.10 (VIOLATED)
_664_/CLK                               0.75    1.85   -1.10 (VIOLATED)
_663_/CLK                               0.75    1.85   -1.10 (VIOLATED)
_662_/CLK                               0.75    1.85   -1.10 (VIOLATED)
_661_/CLK                               0.75    1.85   -1.10 (VIOLATED)
_660_/CLK                               0.75    1.85   -1.10 (VIOLATED)
_659_/CLK                               0.75    1.85   -1.10 (VIOLATED)
_658_/CLK                               0.75    1.85   -1.10 (VIOLATED)
_696_/CLK                               0.75    1.85   -1.10 (VIOLATED)
_697_/CLK                               0.75    1.85   -1.10 (VIOLATED)
_698_/CLK                               0.75    1.85   -1.10 (VIOLATED)
_690_/CLK                               0.75    1.85   -1.10 (VIOLATED)
_693_/CLK                               0.75    1.85   -1.10 (VIOLATED)
_689_/CLK                               0.75    1.85   -1.10 (VIOLATED)
_657_/CLK                               0.75    1.85   -1.10 (VIOLATED)
_692_/CLK                               0.75    1.85   -1.10 (VIOLATED)
_688_/CLK                               0.75    1.85   -1.10 (VIOLATED)
_656_/CLK                               0.75    1.85   -1.10 (VIOLATED)
_694_/CLK                               0.75    1.85   -1.10 (VIOLATED)
_695_/CLK                               0.75    1.85   -1.10 (VIOLATED)
_691_/CLK                               0.75    1.85   -1.10 (VIOLATED)
_687_/CLK                               0.75    1.85   -1.10 (VIOLATED)
_655_/CLK                               0.75    1.85   -1.10 (VIOLATED)
_686_/CLK                               0.75    1.85   -1.10 (VIOLATED)
_654_/CLK                               0.75    1.85   -1.10 (VIOLATED)
_685_/CLK                               0.75    1.85   -1.10 (VIOLATED)
_653_/CLK                               0.75    1.85   -1.10 (VIOLATED)
_684_/CLK                               0.75    1.85   -1.10 (VIOLATED)
_652_/CLK                               0.75    1.85   -1.10 (VIOLATED)
_683_/CLK                               0.75    1.84   -1.09 (VIOLATED)
_682_/CLK                               0.75    1.84   -1.09 (VIOLATED)
_651_/CLK                               0.75    1.84   -1.09 (VIOLATED)
_681_/CLK                               0.75    1.84   -1.09 (VIOLATED)
_650_/CLK                               0.75    1.84   -1.09 (VIOLATED)
_680_/CLK                               0.75    1.84   -1.09 (VIOLATED)
_649_/CLK                               0.75    1.84   -1.09 (VIOLATED)
_679_/CLK                               0.75    1.84   -1.09 (VIOLATED)
_648_/CLK                               0.75    1.84   -1.09 (VIOLATED)
_678_/CLK                               0.75    1.84   -1.09 (VIOLATED)
_647_/CLK                               0.75    1.84   -1.09 (VIOLATED)
_677_/CLK                               0.75    1.84   -1.09 (VIOLATED)
_646_/CLK                               0.75    1.84   -1.09 (VIOLATED)
_645_/CLK                               0.75    1.84   -1.09 (VIOLATED)
_676_/CLK                               0.75    1.84   -1.09 (VIOLATED)
_675_/CLK                               0.75    1.84   -1.09 (VIOLATED)
_644_/CLK                               0.75    1.84   -1.09 (VIOLATED)
_643_/CLK                               0.75    1.84   -1.09 (VIOLATED)
_674_/CLK                               0.75    1.84   -1.09 (VIOLATED)
_670_/CLK                               0.75    1.84   -1.09 (VIOLATED)
_671_/CLK                               0.75    1.84   -1.09 (VIOLATED)
_673_/CLK                               0.75    1.84   -1.09 (VIOLATED)
_672_/CLK                               0.75    1.84   -1.09 (VIOLATED)
_642_/CLK                               0.75    1.84   -1.09 (VIOLATED)
_668_/CLK                               0.75    1.84   -1.09 (VIOLATED)
_669_/CLK                               0.75    1.84   -1.09 (VIOLATED)
_641_/CLK                               0.75    1.84   -1.09 (VIOLATED)
_640_/CLK                               0.75    1.84   -1.09 (VIOLATED)
_639_/CLK                               0.75    1.84   -1.09 (VIOLATED)
_638_/CLK                               0.75    1.84   -1.09 (VIOLATED)
_343_/X                                 0.75    1.84   -1.09 (VIOLATED)
io_out[12]                              0.75    1.81   -1.06 (VIOLATED)
io_out[24]                              0.75    1.80   -1.05 (VIOLATED)
_623_/A                                 0.75    1.80   -1.05 (VIOLATED)
_629_/B1                                0.75    1.80   -1.05 (VIOLATED)
_637_/B1                                0.75    1.80   -1.05 (VIOLATED)
_571_/B1                                0.75    1.80   -1.05 (VIOLATED)
_596_/B1                                0.75    1.80   -1.05 (VIOLATED)
_562_/B1                                0.75    1.80   -1.05 (VIOLATED)
_540_/B1                                0.75    1.79   -1.04 (VIOLATED)
_410_/A                                 0.75    1.79   -1.04 (VIOLATED)
_346_/Y                                 0.75    1.79   -1.04 (VIOLATED)
io_out[13]                              0.75    1.79   -1.04 (VIOLATED)
io_out[15]                              0.75    1.78   -1.03 (VIOLATED)
io_out[10]                              0.75    1.77   -1.02 (VIOLATED)
io_out[23]                              0.75    1.75   -1.00 (VIOLATED)
io_out[8]                               0.75    1.75   -1.00 (VIOLATED)
io_out[11]                              0.75    1.75   -1.00 (VIOLATED)
io_out[16]                              0.75    1.74   -0.99 (VIOLATED)
io_out[9]                               0.75    1.73   -0.98 (VIOLATED)
io_out[25]                              0.75    1.72   -0.97 (VIOLATED)
io_out[27]                              0.75    1.72   -0.97 (VIOLATED)
io_out[26]                              0.75    1.69   -0.94 (VIOLATED)
io_out[7]                               0.75    1.69   -0.94 (VIOLATED)
io_out[22]                              0.75    1.68   -0.93 (VIOLATED)
io_out[28]                              0.75    1.67   -0.92 (VIOLATED)
io_out[6]                               0.75    1.67   -0.92 (VIOLATED)
io_out[4]                               0.75    1.66   -0.91 (VIOLATED)
io_out[5]                               0.75    1.64   -0.89 (VIOLATED)
_514_/A1                                0.75    1.63   -0.88 (VIOLATED)
_515_/A                                 0.75    1.63   -0.88 (VIOLATED)
_367_/A0                                0.75    1.63   -0.88 (VIOLATED)
_508_/A                                 0.75    1.63   -0.88 (VIOLATED)
_683_/Q                                 0.75    1.63   -0.88 (VIOLATED)
_598_/A                                 0.75    1.63   -0.88 (VIOLATED)
_597_/A                                 0.75    1.63   -0.88 (VIOLATED)
_599_/A1                                0.75    1.63   -0.88 (VIOLATED)
_590_/A                                 0.75    1.63   -0.88 (VIOLATED)
_377_/A0                                0.75    1.63   -0.88 (VIOLATED)
_693_/Q                                 0.75    1.63   -0.88 (VIOLATED)
io_out[29]                              0.75    1.63   -0.88 (VIOLATED)
io_out[1]                               0.75    1.63   -0.88 (VIOLATED)
_500_/A                                 0.75    1.61   -0.86 (VIOLATED)
_499_/A1                                0.75    1.61   -0.86 (VIOLATED)
_365_/A0                                0.75    1.61   -0.86 (VIOLATED)
_493_/A                                 0.75    1.61   -0.86 (VIOLATED)
_681_/Q                                 0.75    1.61   -0.86 (VIOLATED)
io_out[17]                              0.75    1.60   -0.85 (VIOLATED)
io_out[3]                               0.75    1.60   -0.85 (VIOLATED)
io_out[2]                               0.75    1.59   -0.84 (VIOLATED)
_630_/B                                 0.75    1.59   -0.84 (VIOLATED)
_617_/A                                 0.75    1.59   -0.84 (VIOLATED)
_616_/A                                 0.75    1.59   -0.84 (VIOLATED)
_380_/A0                                0.75    1.59   -0.84 (VIOLATED)
_696_/Q                                 0.75    1.59   -0.84 (VIOLATED)
_484_/C                                 0.75    1.59   -0.84 (VIOLATED)
_483_/A1                                0.75    1.59   -0.84 (VIOLATED)
_363_/A0                                0.75    1.59   -0.84 (VIOLATED)
_477_/A                                 0.75    1.59   -0.84 (VIOLATED)
_679_/Q                                 0.75    1.59   -0.84 (VIOLATED)
io_out[0]                               0.75    1.59   -0.84 (VIOLATED)
_484_/B                                 0.75    1.58   -0.83 (VIOLATED)
_582_/B                                 0.75    1.58   -0.83 (VIOLATED)
_581_/B                                 0.75    1.58   -0.83 (VIOLATED)
_580_/A                                 0.75    1.58   -0.83 (VIOLATED)
_376_/A0                                0.75    1.58   -0.83 (VIOLATED)
_692_/Q                                 0.75    1.58   -0.83 (VIOLATED)
_469_/B                                 0.75    1.58   -0.83 (VIOLATED)
_468_/A1                                0.75    1.58   -0.83 (VIOLATED)
_361_/A0                                0.75    1.58   -0.83 (VIOLATED)
_461_/A                                 0.75    1.58   -0.83 (VIOLATED)
_677_/Q                                 0.75    1.58   -0.83 (VIOLATED)
_500_/B                                 0.75    1.58   -0.83 (VIOLATED)
_499_/B1                                0.75    1.58   -0.83 (VIOLATED)
_366_/A0                                0.75    1.58   -0.83 (VIOLATED)
_682_/Q                                 0.75    1.58   -0.83 (VIOLATED)
_368_/A0                                0.75    1.57   -0.82 (VIOLATED)
_514_/B1                                0.75    1.57   -0.82 (VIOLATED)
_515_/B                                 0.75    1.57   -0.82 (VIOLATED)
_684_/Q                                 0.75    1.57   -0.82 (VIOLATED)
io_out[21]                              0.75    1.57   -0.82 (VIOLATED)
_550_/A                                 0.75    1.57   -0.82 (VIOLATED)
_534_/A                                 0.75    1.57   -0.82 (VIOLATED)
_533_/A1                                0.75    1.57   -0.82 (VIOLATED)
_369_/A0                                0.75    1.57   -0.82 (VIOLATED)
_526_/A                                 0.75    1.57   -0.82 (VIOLATED)
_685_/Q                                 0.75    1.57   -0.82 (VIOLATED)
_378_/A0                                0.75    1.57   -0.82 (VIOLATED)
_597_/B                                 0.75    1.57   -0.82 (VIOLATED)
_598_/B                                 0.75    1.57   -0.82 (VIOLATED)
_599_/B1                                0.75    1.57   -0.82 (VIOLATED)
_694_/Q                                 0.75    1.57   -0.82 (VIOLATED)
_379_/A0                                0.75    1.56   -0.81 (VIOLATED)
_606_/B1                                0.75    1.56   -0.81 (VIOLATED)
_607_/A                                 0.75    1.56   -0.81 (VIOLATED)
_630_/A                                 0.75    1.56   -0.81 (VIOLATED)
_695_/Q                                 0.75    1.56   -0.81 (VIOLATED)
_484_/D                                 0.75    1.55   -0.80 (VIOLATED)
_364_/A0                                0.75    1.55   -0.80 (VIOLATED)
_483_/B1                                0.75    1.55   -0.80 (VIOLATED)
_680_/Q                                 0.75    1.55   -0.80 (VIOLATED)
_631_/A                                 0.75    1.55   -0.80 (VIOLATED)
_624_/A                                 0.75    1.55   -0.80 (VIOLATED)
_381_/A0                                0.75    1.55   -0.80 (VIOLATED)
_697_/Q                                 0.75    1.55   -0.80 (VIOLATED)
_484_/A                                 0.75    1.55   -0.80 (VIOLATED)
_469_/A                                 0.75    1.55   -0.80 (VIOLATED)
_362_/A0                                0.75    1.55   -0.80 (VIOLATED)
_468_/B1                                0.75    1.55   -0.80 (VIOLATED)
_678_/Q                                 0.75    1.55   -0.80 (VIOLATED)
_375_/A0                                0.75    1.54   -0.79 (VIOLATED)
_572_/B1                                0.75    1.54   -0.79 (VIOLATED)
_573_/A                                 0.75    1.54   -0.79 (VIOLATED)
_581_/A                                 0.75    1.54   -0.79 (VIOLATED)
_582_/A                                 0.75    1.54   -0.79 (VIOLATED)
_691_/Q                                 0.75    1.54   -0.79 (VIOLATED)
io_out[18]                              0.75    1.54   -0.79 (VIOLATED)
io_out[20]                              0.75    1.53   -0.78 (VIOLATED)
_452_/D                                 0.75    1.53   -0.78 (VIOLATED)
_437_/B                                 0.75    1.52   -0.77 (VIOLATED)
_436_/A1                                0.75    1.52   -0.77 (VIOLATED)
_357_/A0                                0.75    1.52   -0.77 (VIOLATED)
_430_/A                                 0.75    1.52   -0.77 (VIOLATED)
_673_/Q                                 0.75    1.52   -0.77 (VIOLATED)
_452_/A                                 0.75    1.52   -0.77 (VIOLATED)
_360_/A0                                0.75    1.52   -0.77 (VIOLATED)
_455_/A1                                0.75    1.52   -0.77 (VIOLATED)
_676_/Q                                 0.75    1.52   -0.77 (VIOLATED)
_422_/C                                 0.75    1.52   -0.77 (VIOLATED)
_632_/A                                 0.75    1.51   -0.76 (VIOLATED)
_382_/A0                                0.75    1.51   -0.76 (VIOLATED)
_698_/Q                                 0.75    1.51   -0.76 (VIOLATED)
_452_/B                                 0.75    1.51   -0.76 (VIOLATED)
_414_/B                                 0.75    1.51   -0.76 (VIOLATED)
_415_/A1                                0.75    1.51   -0.76 (VIOLATED)
_354_/A0                                0.75    1.51   -0.76 (VIOLATED)
_407_/A                                 0.75    1.51   -0.76 (VIOLATED)
_670_/Q                                 0.75    1.51   -0.76 (VIOLATED)
_359_/A0                                0.75    1.51   -0.76 (VIOLATED)
_444_/B1                                0.75    1.51   -0.76 (VIOLATED)
_445_/A                                 0.75    1.51   -0.76 (VIOLATED)
_675_/Q                                 0.75    1.51   -0.76 (VIOLATED)
_452_/C                                 0.75    1.49   -0.74 (VIOLATED)
_437_/A                                 0.75    1.49   -0.74 (VIOLATED)
_436_/B1                                0.75    1.49   -0.74 (VIOLATED)
_358_/A0                                0.75    1.49   -0.74 (VIOLATED)
_674_/Q                                 0.75    1.49   -0.74 (VIOLATED)
_422_/D                                 0.75    1.48   -0.73 (VIOLATED)
_414_/C                                 0.75    1.48   -0.73 (VIOLATED)
_415_/A2                                0.75    1.48   -0.73 (VIOLATED)
_402_/A1                                0.75    1.48   -0.73 (VIOLATED)
_401_/A                                 0.75    1.48   -0.73 (VIOLATED)
_353_/A0                                0.75    1.48   -0.73 (VIOLATED)
_669_/Q                                 0.75    1.48   -0.73 (VIOLATED)
_422_/B                                 0.75    1.47   -0.72 (VIOLATED)
_422_/A                                 0.75    1.47   -0.72 (VIOLATED)
_355_/A0                                0.75    1.47   -0.72 (VIOLATED)
_414_/A                                 0.75    1.47   -0.72 (VIOLATED)
_415_/B1                                0.75    1.47   -0.72 (VIOLATED)
_671_/Q                                 0.75    1.47   -0.72 (VIOLATED)
_356_/A0                                0.75    1.47   -0.72 (VIOLATED)
_424_/A1                                0.75    1.47   -0.72 (VIOLATED)
_672_/Q                                 0.75    1.47   -0.72 (VIOLATED)
_550_/B                                 0.75    1.46   -0.71 (VIOLATED)
_370_/A0                                0.75    1.46   -0.71 (VIOLATED)
_533_/B1                                0.75    1.46   -0.71 (VIOLATED)
_534_/B                                 0.75    1.46   -0.71 (VIOLATED)
_686_/Q                                 0.75    1.46   -0.71 (VIOLATED)
io_out[19]                              0.75    1.46   -0.71 (VIOLATED)
_564_/B                                 0.75    1.44   -0.69 (VIOLATED)
_563_/B1                                0.75    1.44   -0.69 (VIOLATED)
_374_/A0                                0.75    1.44   -0.69 (VIOLATED)
_690_/Q                                 0.75    1.44   -0.69 (VIOLATED)
_564_/A                                 0.75    1.43   -0.68 (VIOLATED)
_563_/A1                                0.75    1.43   -0.68 (VIOLATED)
_557_/A                                 0.75    1.43   -0.68 (VIOLATED)
_373_/A0                                0.75    1.43   -0.68 (VIOLATED)
_689_/Q                                 0.75    1.43   -0.68 (VIOLATED)
_550_/C                                 0.75    1.42   -0.67 (VIOLATED)
_371_/A0                                0.75    1.42   -0.67 (VIOLATED)
_541_/B1                                0.75    1.42   -0.67 (VIOLATED)
_542_/A                                 0.75    1.42   -0.67 (VIOLATED)
_687_/Q                                 0.75    1.42   -0.67 (VIOLATED)
_550_/D                                 0.75    1.36   -0.61 (VIOLATED)
_549_/A                                 0.75    1.36   -0.61 (VIOLATED)
_372_/A0                                0.75    1.36   -0.61 (VIOLATED)
_688_/Q                                 0.75    1.36   -0.61 (VIOLATED)
_413_/A3                                0.75    0.85   -0.10 (VIOLATED)
_421_/A1                                0.75    0.85   -0.10 (VIOLATED)
_435_/A1                                0.75    0.85   -0.10 (VIOLATED)
_429_/A1                                0.75    0.85   -0.10 (VIOLATED)
_443_/A1                                0.75    0.85   -0.10 (VIOLATED)
_451_/A1                                0.75    0.85   -0.10 (VIOLATED)
_460_/A1                                0.75    0.85   -0.10 (VIOLATED)
_463_/B1_N                              0.75    0.85   -0.10 (VIOLATED)
_476_/A1                                0.75    0.85   -0.10 (VIOLATED)
_482_/A1                                0.75    0.85   -0.10 (VIOLATED)
_492_/A1                                0.75    0.85   -0.10 (VIOLATED)
_495_/B1_N                              0.75    0.85   -0.10 (VIOLATED)
_507_/A1                                0.75    0.85   -0.10 (VIOLATED)
_513_/A1                                0.75    0.85   -0.10 (VIOLATED)
_556_/A1                                0.75    0.85   -0.10 (VIOLATED)
_589_/A1                                0.75    0.85   -0.10 (VIOLATED)
_605_/A1                                0.75    0.85   -0.10 (VIOLATED)
_525_/A1                                0.75    0.85   -0.10 (VIOLATED)
_410_/Y                                 0.75    0.85   -0.10 (VIOLATED)
_532_/A1                                0.75    0.85   -0.10 (VIOLATED)
_353_/S                                 0.75    0.84   -0.09 (VIOLATED)
_354_/S                                 0.75    0.84   -0.09 (VIOLATED)
_355_/S                                 0.75    0.84   -0.09 (VIOLATED)
_356_/S                                 0.75    0.84   -0.09 (VIOLATED)
_357_/S                                 0.75    0.84   -0.09 (VIOLATED)
_358_/S                                 0.75    0.84   -0.09 (VIOLATED)
_359_/S                                 0.75    0.84   -0.09 (VIOLATED)
_360_/S                                 0.75    0.84   -0.09 (VIOLATED)
_361_/S                                 0.75    0.84   -0.09 (VIOLATED)
_362_/S                                 0.75    0.84   -0.09 (VIOLATED)
_363_/S                                 0.75    0.84   -0.09 (VIOLATED)
_364_/S                                 0.75    0.84   -0.09 (VIOLATED)
_381_/S                                 0.75    0.84   -0.09 (VIOLATED)
_382_/S                                 0.75    0.84   -0.09 (VIOLATED)
_365_/S                                 0.75    0.84   -0.09 (VIOLATED)
_380_/S                                 0.75    0.84   -0.09 (VIOLATED)
_379_/S                                 0.75    0.84   -0.09 (VIOLATED)
_378_/S                                 0.75    0.84   -0.09 (VIOLATED)
_377_/S                                 0.75    0.84   -0.09 (VIOLATED)
_352_/A                                 0.75    0.84   -0.09 (VIOLATED)
_366_/S                                 0.75    0.84   -0.09 (VIOLATED)
_376_/S                                 0.75    0.84   -0.09 (VIOLATED)
_375_/S                                 0.75    0.84   -0.09 (VIOLATED)
_367_/S                                 0.75    0.84   -0.09 (VIOLATED)
_374_/S                                 0.75    0.84   -0.09 (VIOLATED)
_373_/S                                 0.75    0.84   -0.09 (VIOLATED)
_368_/S                                 0.75    0.84   -0.09 (VIOLATED)
_372_/S                                 0.75    0.84   -0.09 (VIOLATED)
_371_/S                                 0.75    0.84   -0.09 (VIOLATED)
_369_/S                                 0.75    0.84   -0.09 (VIOLATED)
_370_/S                                 0.75    0.84   -0.09 (VIOLATED)
_351_/Y                                 0.75    0.84   -0.09 (VIOLATED)
wbs_ack_o                               0.75    0.81   -0.06 (VIOLATED)
_349_/A                                 0.75    0.81   -0.06 (VIOLATED)
_350_/A                                 0.75    0.81   -0.06 (VIOLATED)
_668_/Q                                 0.75    0.81   -0.06 (VIOLATED)
_626_/C1                                0.75    0.76   -0.01 (VIOLATED)
_622_/A1                                0.75    0.76   -0.01 (VIOLATED)
_634_/C1                                0.75    0.76   -0.01 (VIOLATED)
_568_/C1                                0.75    0.76   -0.01 (VIOLATED)
_592_/C1                                0.75    0.76   -0.01 (VIOLATED)
_559_/C1                                0.75    0.76   -0.01 (VIOLATED)
_578_/C1                                0.75    0.76   -0.01 (VIOLATED)
_614_/C1                                0.75    0.76   -0.01 (VIOLATED)
_537_/C1                                0.75    0.76   -0.01 (VIOLATED)
_547_/C1                                0.75    0.76   -0.01 (VIOLATED)
_351_/B                                 0.75    0.76   -0.01 (VIOLATED)
_410_/B                                 0.75    0.76   -0.01 (VIOLATED)
_349_/Y                                 0.75    0.76   -0.01 (VIOLATED)

max fanout

Pin                                   Limit Fanout  Slack
---------------------------------------------------------
_400_/X                                  10     85    -75 (VIOLATED)
_343_/X                                  10     61    -51 (VIOLATED)
_346_/Y                                  10     38    -28 (VIOLATED)
_351_/Y                                  10     31    -21 (VIOLATED)
_348_/Y                                  10     25    -15 (VIOLATED)
_352_/Y                                  10     21    -11 (VIOLATED)
_410_/Y                                  10     19     -9 (VIOLATED)
_464_/Y                                  10     16     -6 (VIOLATED)
_529_/Y                                  10     16     -6 (VIOLATED)
_383_/Y                                  10     15     -5 (VIOLATED)
_347_/X                                  10     12     -2 (VIOLATED)
_349_/Y                                  10     12     -2 (VIOLATED)
_593_/Y                                  10     12     -2 (VIOLATED)
_350_/X                                  10     11        (VIOLATED)

max capacitance

Pin                                    Limit     Cap   Slack
------------------------------------------------------------
_400_/X                                 0.30    0.40   -0.10 (VIOLATED)
_346_/Y                                 0.33    0.41   -0.08 (VIOLATED)
_343_/X                                 0.17    0.21   -0.04 (VIOLATED)
_683_/Q                                 0.30    0.34   -0.03 (VIOLATED)
_693_/Q                                 0.30    0.33   -0.03 (VIOLATED)
_681_/Q                                 0.30    0.33   -0.03 (VIOLATED)
_679_/Q                                 0.30    0.32   -0.02 (VIOLATED)
_682_/Q                                 0.30    0.32   -0.02 (VIOLATED)
_692_/Q                                 0.30    0.32   -0.02 (VIOLATED)
_696_/Q                                 0.30    0.32   -0.02 (VIOLATED)
_684_/Q                                 0.30    0.32   -0.02 (VIOLATED)
_677_/Q                                 0.30    0.32   -0.02 (VIOLATED)
_685_/Q                                 0.30    0.32   -0.02 (VIOLATED)
_694_/Q                                 0.30    0.32   -0.02 (VIOLATED)
_680_/Q                                 0.30    0.32   -0.02 (VIOLATED)
_695_/Q                                 0.30    0.32   -0.01 (VIOLATED)
_678_/Q                                 0.30    0.32   -0.01 (VIOLATED)
_697_/Q                                 0.30    0.32   -0.01 (VIOLATED)
_691_/Q                                 0.30    0.31   -0.01 (VIOLATED)
_673_/Q                                 0.30    0.31   -0.01 (VIOLATED)
_676_/Q                                 0.30    0.31   -0.01 (VIOLATED)
_698_/Q                                 0.30    0.31   -0.01 (VIOLATED)
_675_/Q                                 0.30    0.31   -0.01 (VIOLATED)
_670_/Q                                 0.30    0.31   -0.00 (VIOLATED)


max slew violations count Typical: 434
max fanout violations count Typical: 14
max cap violations count Typical: 24

===========================================================================
report_parasitic_annotation -report_unannotated
============================================================================
Found 120 unannotated drivers.
 io_in[0]
 io_in[10]
 io_in[11]
 io_in[12]
 io_in[13]
 io_in[14]
 io_in[15]
 io_in[16]
 io_in[17]
 io_in[18]
 io_in[19]
 io_in[1]
 io_in[20]
 io_in[21]
 io_in[22]
 io_in[23]
 io_in[24]
 io_in[25]
 io_in[26]
 io_in[27]
 io_in[28]
 io_in[29]
 io_in[2]
 io_in[30]
 io_in[31]
 io_in[32]
 io_in[33]
 io_in[34]
 io_in[35]
 io_in[3]
 io_in[4]
 io_in[5]
 io_in[6]
 io_in[7]
 io_in[8]
 io_in[9]
 user_clock2
 wbs_adr_i[0]
 wbs_adr_i[10]
 wbs_adr_i[11]
 wbs_adr_i[12]
 wbs_adr_i[13]
 wbs_adr_i[14]
 wbs_adr_i[15]
 wbs_adr_i[16]
 wbs_adr_i[17]
 wbs_adr_i[18]
 wbs_adr_i[19]
 wbs_adr_i[1]
 wbs_adr_i[20]
 wbs_adr_i[21]
 wbs_adr_i[22]
 wbs_adr_i[23]
 wbs_adr_i[24]
 wbs_adr_i[25]
 wbs_adr_i[26]
 wbs_adr_i[27]
 wbs_adr_i[28]
 wbs_adr_i[29]
 wbs_adr_i[2]
 wbs_adr_i[30]
 wbs_adr_i[31]
 wbs_adr_i[3]
 wbs_adr_i[4]
 wbs_adr_i[5]
 wbs_adr_i[6]
 wbs_adr_i[7]
 wbs_adr_i[8]
 wbs_adr_i[9]
 wbs_dat_i[30]
 wbs_dat_i[31]
 _699_/LO
 _700_/LO
 _701_/LO
 _702_/LO
 _703_/HI
 _704_/HI
 _705_/HI
 _706_/HI
 _707_/HI
 _708_/HI
 _709_/HI
 _710_/HI
 _711_/HI
 _712_/HI
 _713_/HI
 _714_/HI
 _715_/HI
 _716_/HI
 _717_/HI
 _718_/HI
 _719_/HI
 _720_/HI
 _721_/HI
 _722_/HI
 _723_/HI
 _724_/HI
 _725_/HI
 _726_/HI
 _727_/HI
 _728_/HI
 _729_/HI
 _730_/HI
 _731_/HI
 _732_/HI
 _733_/HI
 _734_/HI
 _735_/HI
 _736_/HI
 _737_/HI
 _738_/HI
 _739_/HI
 _740_/HI
 _741_/HI
 _742_/HI
 _743_/HI
 _744_/HI
 _745_/HI
 _746_/HI
 _747_/HI
Found 0 partially unannotated drivers.

===========================================================================
max slew violation count 434
max fanout violation count 14
max cap violation count 24
============================================================================

===========================================================================
check_setup -verbose -unconstrained_endpoints -multiple_clock -no_clock -no_input_delay -loops -generated_clocks
===========================================================================
Warning: There are 37 input ports missing set_input_delay.
  io_in[0]
  io_in[10]
  io_in[11]
  io_in[12]
  io_in[13]
  io_in[14]
  io_in[15]
  io_in[16]
  io_in[17]
  io_in[18]
  io_in[19]
  io_in[1]
  io_in[20]
  io_in[21]
  io_in[22]
  io_in[23]
  io_in[24]
  io_in[25]
  io_in[26]
  io_in[27]
  io_in[28]
  io_in[29]
  io_in[2]
  io_in[30]
  io_in[31]
  io_in[32]
  io_in[33]
  io_in[34]
  io_in[35]
  io_in[3]
  io_in[4]
  io_in[5]
  io_in[6]
  io_in[7]
  io_in[8]
  io_in[9]
  user_clock2
Warning: There are 109 unconstrained endpoints.
  io_oeb[0]
  io_oeb[10]
  io_oeb[11]
  io_oeb[12]
  io_oeb[13]
  io_oeb[14]
  io_oeb[15]
  io_oeb[16]
  io_oeb[17]
  io_oeb[18]
  io_oeb[19]
  io_oeb[1]
  io_oeb[20]
  io_oeb[21]
  io_oeb[22]
  io_oeb[23]
  io_oeb[24]
  io_oeb[25]
  io_oeb[26]
  io_oeb[27]
  io_oeb[28]
  io_oeb[29]
  io_oeb[2]
  io_oeb[30]
  io_oeb[31]
  io_oeb[32]
  io_oeb[33]
  io_oeb[34]
  io_oeb[35]
  io_oeb[3]
  io_oeb[4]
  io_oeb[5]
  io_oeb[6]
  io_oeb[7]
  io_oeb[8]
  io_oeb[9]
  io_out[0]
  io_out[10]
  io_out[11]
  io_out[12]
  io_out[13]
  io_out[14]
  io_out[15]
  io_out[16]
  io_out[17]
  io_out[18]
  io_out[19]
  io_out[1]
  io_out[20]
  io_out[21]
  io_out[22]
  io_out[23]
  io_out[24]
  io_out[25]
  io_out[26]
  io_out[27]
  io_out[28]
  io_out[29]
  io_out[2]
  io_out[30]
  io_out[31]
  io_out[32]
  io_out[33]
  io_out[34]
  io_out[35]
  io_out[3]
  io_out[4]
  io_out[5]
  io_out[6]
  io_out[7]
  io_out[8]
  io_out[9]
  la_data_out[0]
  la_data_out[10]
  la_data_out[11]
  la_data_out[12]
  la_data_out[13]
  la_data_out[14]
  la_data_out[15]
  la_data_out[16]
  la_data_out[17]
  la_data_out[18]
  la_data_out[19]
  la_data_out[1]
  la_data_out[20]
  la_data_out[21]
  la_data_out[22]
  la_data_out[23]
  la_data_out[24]
  la_data_out[25]
  la_data_out[26]
  la_data_out[27]
  la_data_out[28]
  la_data_out[29]
  la_data_out[2]
  la_data_out[30]
  la_data_out[31]
  la_data_out[3]
  la_data_out[4]
  la_data_out[5]
  la_data_out[6]
  la_data_out[7]
  la_data_out[8]
  la_data_out[9]
  user_irq[0]
  user_irq[1]
  user_irq[2]
  wbs_dat_o[30]
  wbs_dat_o[31]
