
===========================================================================
 report_power
============================================================================
======================= Fastest Corner ===================================

Group                  Internal  Switching    Leakage      Total
                          Power      Power      Power      Power (Watts)
----------------------------------------------------------------
Sequential             5.21e-05   2.31e-05   1.33e-09   7.52e-05  10.5%
Combinational          2.60e-04   3.39e-04   3.94e-08   5.99e-04  83.3%
Clock                  1.51e-05   2.97e-05   9.96e-08   4.48e-05   6.2%
Macro                  0.00e+00   0.00e+00   0.00e+00   0.00e+00   0.0%
Pad                    0.00e+00   0.00e+00   0.00e+00   0.00e+00   0.0%
----------------------------------------------------------------
Total                  3.27e-04   3.91e-04   1.40e-07   7.19e-04 100.0%
                          45.5%      54.4%       0.0%

======================= Slowest Corner ===================================

Group                  Internal  Switching    Leakage      Total
                          Power      Power      Power      Power (Watts)
----------------------------------------------------------------
Sequential             3.55e-05   1.55e-05   9.33e-07   5.19e-05  10.4%
Combinational          1.79e-04   2.27e-04   1.10e-05   4.17e-04  83.5%
Clock                  1.07e-05   1.98e-05   2.11e-07   3.08e-05   6.2%
Macro                  0.00e+00   0.00e+00   0.00e+00   0.00e+00   0.0%
Pad                    0.00e+00   0.00e+00   0.00e+00   0.00e+00   0.0%
----------------------------------------------------------------
Total                  2.26e-04   2.62e-04   1.22e-05   5.00e-04 100.0%
                          45.1%      52.4%       2.4%

======================= Typical Corner ===================================

Group                  Internal  Switching    Leakage      Total
                          Power      Power      Power      Power (Watts)
----------------------------------------------------------------
Sequential             4.51e-05   1.96e-05   5.21e-10   6.48e-05  10.5%
Combinational          2.24e-04   2.88e-04   8.41e-09   5.12e-04  83.2%
Clock                  1.32e-05   2.53e-05   9.94e-08   3.85e-05   6.3%
Macro                  0.00e+00   0.00e+00   0.00e+00   0.00e+00   0.0%
Pad                    0.00e+00   0.00e+00   0.00e+00   0.00e+00   0.0%
----------------------------------------------------------------
Total                  2.82e-04   3.33e-04   1.08e-07   6.15e-04 100.0%
                          45.9%      54.1%       0.0%

